<html>
<body>
<pre>
<h1>µVision Build Log</h1>
<h2>Tool Versions:</h2>
IDE-Version: µVision V5.27.1.0
Copyright (C) 2019 ARM Ltd and ARM Germany GmbH. All rights reserved.
License Information: 32 32, 32, LIC=47GU5-GPBZK-8TB3P-MY7MF-37TGB-SDREE
 
Tool Versions:
Toolchain:       MDK-ARM Plus  Version: 5.31.0.0
Toolchain Path:  C:\Keil_v5\ARM\ARMCC\Bin
C Compiler:      Armcc.exe V5.06 update 6 (build 750)
Assembler:       Armasm.exe V5.06 update 6 (build 750)
Linker/Locator:  ArmLink.exe V5.06 update 6 (build 750)
Library Manager: ArmAr.exe V5.06 update 6 (build 750)
Hex Converter:   FromElf.exe V5.06 update 6 (build 750)
CPU DLL:         SARMCM3.DLL V5.31.0.0
Dialog DLL:      DCM.DLL V1.17.3.0
Target DLL:      STLink\ST-LINKIII-KEIL_SWO.dll V3.0.7.0
Dialog DLL:      TCM.DLL V1.46.0.0
 
<h2>Project:</h2>
C:\Users\quang\Desktop\DoAnTho\Project\STM32_Baremetal\project\keil\project.uvprojx
Project File Date:  12/08/2023

<h2>Output:</h2>
*** Using Compiler 'V5.06 update 6 (build 750)', folder: 'C:\Keil_v5\ARM\ARMCC\Bin'
Build target 'Source'
compiling main.c...
..\main.c(131): warning:  #188-D: enumerated type mixed with another type
      SET_ALARM_LED(1);
..\main.c(132): warning:  #188-D: enumerated type mixed with another type
      SET_FAN(1);
..\main.c(133): warning:  #188-D: enumerated type mixed with another type
      SET_LED(1);
..\main.c(135): warning:  #188-D: enumerated type mixed with another type
      SET_ALARM_LED(0);
..\main.c(136): warning:  #188-D: enumerated type mixed with another type
      SET_LED(0);
..\main.c(137): warning:  #188-D: enumerated type mixed with another type
      SET_FAN(0);
..\main.c(212): warning:  #188-D: enumerated type mixed with another type
                  SET_ALARM_LED(1);
..\main.c(216): warning:  #188-D: enumerated type mixed with another type
                  SET_ALARM_LED(0);
..\main.c(244): warning:  #188-D: enumerated type mixed with another type
              GPIO_WriteBit(GPIOC, GPIO_Pin_13, ledSta);
..\main.c(252): warning:  #188-D: enumerated type mixed with another type
                  SET_ALARM_LED(ledAlarmSta);
..\main.c(172): warning:  #177-D: variable "testValue"  was declared but never referenced
      uint8_t testValue = 15;
..\main.c(173): warning:  #177-D: variable "testValue1"  was declared but never referenced
      uint8_t testValue1 = 10;
..\main.c(343): warning:  #186-D: pointless comparison of unsigned integer with zero
      else if (g_SysTimeMode >= MODE_ChangeTime && g_SysTimeMode <=  MODE_SeTime_AutoFeed)
..\main.c(494): warning:  #223-D: function "atoi" declared implicitly
         resData = atoi(&g_frameBuffer[1]);
..\main.c(507): warning:  #188-D: enumerated type mixed with another type
                 SET_LED(1);
..\main.c(511): warning:  #188-D: enumerated type mixed with another type
                  SET_LED(0);
..\main.c(531): warning:  #188-D: enumerated type mixed with another type
                 SET_FAN(1);
..\main.c(535): warning:  #188-D: enumerated type mixed with another type
                 SET_FAN(0);;
..\main.c(488): warning:  #177-D: variable "ledCode"  was declared but never referenced
      uint8_t ledCode;
..\main.c: 19 warnings, 0 errors
linking...
.\Objects\ADC.axf: Warning: L6304W: Duplicate input file .\objects\stm32f10x_adc_1.o ignored.
Program Size: Code=15896 RO-data=404 RW-data=176 ZI-data=1200  
Finished: 0 information, 1 warning and 0 error messages.
".\Objects\ADC.axf" - 0 Error(s), 20 Warning(s).

<h2>Software Packages used:</h2>

Package Vendor: Keil
                http://www.keil.com/pack/Keil.STM32F1xx_DFP.2.3.0.pack
                Keil.STM32F1xx_DFP.2.3.0
                STMicroelectronics STM32F1 Series Device Support, Drivers and Examples

<h2>Collection of Component include folders:</h2>
  .\RTE\_Source
  C:\Users\quang\AppData\Local\Arm\Packs\Keil\STM32F1xx_DFP\2.3.0\Device\Include

<h2>Collection of Component Files used:</h2>
Build Time Elapsed:  00:00:01
</pre>
</body>
</html>
