Component: ARM Compiler 5.06 update 6 (build 750) Tool: armlink [4d35ed]

==============================================================================

Section Cross References

    startup_stm32f10x_md.o(RESET) refers to startup_stm32f10x_md.o(STACK) for __initial_sp
    startup_stm32f10x_md.o(RESET) refers to startup_stm32f10x_md.o(.text) for Reset_Handler
    startup_stm32f10x_md.o(RESET) refers to stm32f10x_it.o(i.NMI_Handler) for NMI_Handler
    startup_stm32f10x_md.o(RESET) refers to stm32f10x_it.o(i.HardFault_Handler) for HardFault_Handler
    startup_stm32f10x_md.o(RESET) refers to stm32f10x_it.o(i.MemManage_Handler) for MemManage_Handler
    startup_stm32f10x_md.o(RESET) refers to stm32f10x_it.o(i.BusFault_Handler) for BusFault_Handler
    startup_stm32f10x_md.o(RESET) refers to stm32f10x_it.o(i.UsageFault_Handler) for UsageFault_Handler
    startup_stm32f10x_md.o(RESET) refers to port.o(.emb_text) for SVC_Handler
    startup_stm32f10x_md.o(RESET) refers to stm32f10x_it.o(i.DebugMon_Handler) for DebugMon_Handler
    startup_stm32f10x_md.o(RESET) refers to port.o(i.SysTick_Handler) for SysTick_Handler
    startup_stm32f10x_md.o(RESET) refers to rtc.o(i.RTC_IRQHandler) for RTC_IRQHandler
    startup_stm32f10x_md.o(RESET) refers to button.o(i.TIM2_IRQHandler) for TIM2_IRQHandler
    startup_stm32f10x_md.o(RESET) refers to delaytimer.o(i.TIM3_IRQHandler) for TIM3_IRQHandler
    startup_stm32f10x_md.o(RESET) refers to serial.o(i.USART1_IRQHandler) for USART1_IRQHandler
    startup_stm32f10x_md.o(.text) refers to system_stm32f10x.o(i.SystemInit) for SystemInit
    startup_stm32f10x_md.o(.text) refers to entry.o(.ARM.Collect$$$$00000000) for __main
    stm32f10x_adc.o(i.ADC_DeInit) refers to stm32f10x_rcc.o(i.RCC_APB2PeriphResetCmd) for RCC_APB2PeriphResetCmd
    stm32f10x_gpio.o(i.GPIO_AFIODeInit) refers to stm32f10x_rcc.o(i.RCC_APB2PeriphResetCmd) for RCC_APB2PeriphResetCmd
    stm32f10x_gpio.o(i.GPIO_DeInit) refers to stm32f10x_rcc.o(i.RCC_APB2PeriphResetCmd) for RCC_APB2PeriphResetCmd
    stm32f10x_rcc.o(i.RCC_GetClocksFreq) refers to stm32f10x_rcc.o(.data) for APBAHBPrescTable
    stm32f10x_rcc.o(i.RCC_WaitForHSEStartUp) refers to stm32f10x_rcc.o(i.RCC_GetFlagStatus) for RCC_GetFlagStatus
    stm32f10x_usart.o(i.USART_DeInit) refers to stm32f10x_rcc.o(i.RCC_APB2PeriphResetCmd) for RCC_APB2PeriphResetCmd
    stm32f10x_usart.o(i.USART_DeInit) refers to stm32f10x_rcc.o(i.RCC_APB1PeriphResetCmd) for RCC_APB1PeriphResetCmd
    stm32f10x_usart.o(i.USART_Init) refers to stm32f10x_rcc.o(i.RCC_GetClocksFreq) for RCC_GetClocksFreq
    stm32f10x_tim.o(i.TIM_DeInit) refers to stm32f10x_rcc.o(i.RCC_APB2PeriphResetCmd) for RCC_APB2PeriphResetCmd
    stm32f10x_tim.o(i.TIM_DeInit) refers to stm32f10x_rcc.o(i.RCC_APB1PeriphResetCmd) for RCC_APB1PeriphResetCmd
    stm32f10x_tim.o(i.TIM_ETRClockMode1Config) refers to stm32f10x_tim.o(i.TIM_ETRConfig) for TIM_ETRConfig
    stm32f10x_tim.o(i.TIM_ETRClockMode2Config) refers to stm32f10x_tim.o(i.TIM_ETRConfig) for TIM_ETRConfig
    stm32f10x_tim.o(i.TIM_ICInit) refers to stm32f10x_tim.o(i.TI1_Config) for TI1_Config
    stm32f10x_tim.o(i.TIM_ICInit) refers to stm32f10x_tim.o(i.TIM_SetIC1Prescaler) for TIM_SetIC1Prescaler
    stm32f10x_tim.o(i.TIM_ICInit) refers to stm32f10x_tim.o(i.TI2_Config) for TI2_Config
    stm32f10x_tim.o(i.TIM_ICInit) refers to stm32f10x_tim.o(i.TIM_SetIC2Prescaler) for TIM_SetIC2Prescaler
    stm32f10x_tim.o(i.TIM_ICInit) refers to stm32f10x_tim.o(i.TI3_Config) for TI3_Config
    stm32f10x_tim.o(i.TIM_ICInit) refers to stm32f10x_tim.o(i.TIM_SetIC3Prescaler) for TIM_SetIC3Prescaler
    stm32f10x_tim.o(i.TIM_ICInit) refers to stm32f10x_tim.o(i.TI4_Config) for TI4_Config
    stm32f10x_tim.o(i.TIM_ICInit) refers to stm32f10x_tim.o(i.TIM_SetIC4Prescaler) for TIM_SetIC4Prescaler
    stm32f10x_tim.o(i.TIM_ITRxExternalClockConfig) refers to stm32f10x_tim.o(i.TIM_SelectInputTrigger) for TIM_SelectInputTrigger
    stm32f10x_tim.o(i.TIM_PWMIConfig) refers to stm32f10x_tim.o(i.TI1_Config) for TI1_Config
    stm32f10x_tim.o(i.TIM_PWMIConfig) refers to stm32f10x_tim.o(i.TIM_SetIC1Prescaler) for TIM_SetIC1Prescaler
    stm32f10x_tim.o(i.TIM_PWMIConfig) refers to stm32f10x_tim.o(i.TI2_Config) for TI2_Config
    stm32f10x_tim.o(i.TIM_PWMIConfig) refers to stm32f10x_tim.o(i.TIM_SetIC2Prescaler) for TIM_SetIC2Prescaler
    stm32f10x_tim.o(i.TIM_TIxExternalClockConfig) refers to stm32f10x_tim.o(i.TI2_Config) for TI2_Config
    stm32f10x_tim.o(i.TIM_TIxExternalClockConfig) refers to stm32f10x_tim.o(i.TI1_Config) for TI1_Config
    stm32f10x_tim.o(i.TIM_TIxExternalClockConfig) refers to stm32f10x_tim.o(i.TIM_SelectInputTrigger) for TIM_SelectInputTrigger
    stm32f10x_i2c.o(i.I2C_DeInit) refers to stm32f10x_rcc.o(i.RCC_APB1PeriphResetCmd) for RCC_APB1PeriphResetCmd
    stm32f10x_i2c.o(i.I2C_Init) refers to stm32f10x_rcc.o(i.RCC_GetClocksFreq) for RCC_GetClocksFreq
[...]
    ../clib/microlib/init/entry.s            0x00000000   Number         0  entry10b.o ABSOLUTE
    ../clib/microlib/init/entry.s            0x00000000   Number         0  entry11a.o ABSOLUTE
    ../clib/microlib/init/entry.s            0x00000000   Number         0  entry11b.o ABSOLUTE
    ../clib/microlib/longlong.c              0x00000000   Number         0  llushr.o ABSOLUTE
    ../clib/microlib/longlong.c              0x00000000   Number         0  llsshr.o ABSOLUTE
    ../clib/microlib/longlong.c              0x00000000   Number         0  llshl.o ABSOLUTE
    ../clib/microlib/printf/printf.c         0x00000000   Number         0  printfa.o ABSOLUTE
    ../clib/microlib/stdio/fputc.c           0x00000000   Number         0  fputc.o ABSOLUTE
    ../clib/microlib/stdio/semi.s            0x00000000   Number         0  semi.o ABSOLUTE
    ../clib/microlib/stdio/streams.c         0x00000000   Number         0  stdout.o ABSOLUTE
    ../clib/microlib/string/memcpy.c         0x00000000   Number         0  memcpyb.o ABSOLUTE
    ../clib/microlib/string/memcpy.c         0x00000000   Number         0  memcpya.o ABSOLUTE
    ../clib/microlib/string/strlen.c         0x00000000   Number         0  strlen.o ABSOLUTE
    ../clib/microlib/stubs.s                 0x00000000   Number         0  iusefp.o ABSOLUTE
    ../clib/microlib/stubs.s                 0x00000000   Number         0  iusesemip.o ABSOLUTE
    ../fplib/microlib/fpadd.c                0x00000000   Number         0  dadd.o ABSOLUTE
    ../fplib/microlib/fpdiv.c                0x00000000   Number         0  ddiv.o ABSOLUTE
    ../fplib/microlib/fpepilogue.c           0x00000000   Number         0  depilogue.o ABSOLUTE
    ../fplib/microlib/fpfix.c                0x00000000   Number         0  dfixul.o ABSOLUTE
    ../fplib/microlib/fpmul.c                0x00000000   Number         0  dmul.o ABSOLUTE
    ..\..\freertos\croutine.c                0x00000000   Number         0  croutine.o ABSOLUTE
    ..\..\freertos\event_groups.c            0x00000000   Number         0  event_groups.o ABSOLUTE
    ..\..\freertos\heap_2.c                  0x00000000   Number         0  heap_2.o ABSOLUTE
    ..\..\freertos\list.c                    0x00000000   Number         0  list.o ABSOLUTE
    ..\..\freertos\port.c                    0x00000000   Number         0  port.o ABSOLUTE
    ..\..\freertos\queue.c                   0x00000000   Number         0  queue.o ABSOLUTE
    ..\..\freertos\tasks.c                   0x00000000   Number         0  tasks.o ABSOLUTE
    ..\..\freertos\timers.c                  0x00000000   Number         0  timers.o ABSOLUTE
    ..\..\lib\CMSIS\CM3\CoreSupport\core_cm3.c 0x00000000   Number         0  core_cm3.o ABSOLUTE
    ..\..\lib\CMSIS\CM3\DeviceSupport\ST\STM32F10x\startup\arm\startup_stm32f10x_md.s 0x00000000   Number         0  startup_stm32f10x_md.o ABSOLUTE
    ..\..\lib\STM32F10x_StdPeriph_Driver\src\misc.c 0x00000000   Number         0  misc.o ABSOLUTE
    ..\..\lib\STM32F10x_StdPeriph_Driver\src\stm32f10x_adc.c 0x00000000   Number         0  stm32f10x_adc.o ABSOLUTE
    ..\..\lib\STM32F10x_StdPeriph_Driver\src\stm32f10x_bkp.c 0x00000000   Number         0  stm32f10x_bkp.o ABSOLUTE
    ..\..\lib\STM32F10x_StdPeriph_Driver\src\stm32f10x_exti.c 0x00000000   Number         0  stm32f10x_exti.o ABSOLUTE
    ..\..\lib\STM32F10x_StdPeriph_Driver\src\stm32f10x_gpio.c 0x00000000   Number         0  stm32f10x_gpio.o ABSOLUTE
    ..\..\lib\STM32F10x_StdPeriph_Driver\src\stm32f10x_i2c.c 0x00000000   Number         0  stm32f10x_i2c.o ABSOLUTE
    ..\..\lib\STM32F10x_StdPeriph_Driver\src\stm32f10x_pwr.c 0x00000000   Number         0  stm32f10x_pwr.o ABSOLUTE
    ..\..\lib\STM32F10x_StdPeriph_Driver\src\stm32f10x_rcc.c 0x00000000   Number         0  stm32f10x_rcc.o ABSOLUTE
    ..\..\lib\STM32F10x_StdPeriph_Driver\src\stm32f10x_rtc.c 0x00000000   Number         0  stm32f10x_rtc.o ABSOLUTE
    ..\..\lib\STM32F10x_StdPeriph_Driver\src\stm32f10x_tim.c 0x00000000   Number         0  stm32f10x_tim.o ABSOLUTE
    ..\..\lib\STM32F10x_StdPeriph_Driver\src\stm32f10x_usart.c 0x00000000   Number         0  stm32f10x_usart.o ABSOLUTE
    ..\..\myLibrary\Button.c                 0x00000000   Number         0  button.o ABSOLUTE
    ..\..\myLibrary\DelayTimer.c             0x00000000   Number         0  delaytimer.o ABSOLUTE
    ..\..\myLibrary\LCD_I2C.c                0x00000000   Number         0  lcd_i2c.o ABSOLUTE
    ..\..\myLibrary\RingBuffer.c             0x00000000   Number         0  ringbuffer.o ABSOLUTE
    ..\..\myLibrary\Serial.c                 0x00000000   Number         0  serial.o ABSOLUTE
    ..\..\myLibrary\appServo.c               0x00000000   Number         0  appservo.o ABSOLUTE
    ..\..\myLibrary\appTimeManage.c          0x00000000   Number         0  apptimemanage.o ABSOLUTE
    ..\..\myLibrary\dht11.c                  0x00000000   Number         0  dht11.o ABSOLUTE
    ..\..\myLibrary\light.c                  0x00000000   Number         0  light.o ABSOLUTE
    ..\..\myLibrary\rtc.c                    0x00000000   Number         0  rtc.o ABSOLUTE
    ..\\..\\freertos\\port.c                 0x00000000   Number         0  port.o ABSOLUTE
    ..\\..\\lib\\CMSIS\\CM3\\CoreSupport\\core_cm3.c 0x00000000   Number         0  core_cm3.o ABSOLUTE
    ..\main.c                                0x00000000   Number         0  main.o ABSOLUTE
    ..\stm32f10x_it.c                        0x00000000   Number         0  stm32f10x_it.o ABSOLUTE
    ..\system_stm32f10x.c                    0x00000000   Number         0  system_stm32f10x.o ABSOLUTE
    cdrcmple.s                               0x00000000   Number         0  cdrcmple.o ABSOLUTE
    dc.s                                     0x00000000   Number         0  dc.o ABSOLUTE
    handlers.s                               0x00000000   Number         0  handlers.o ABSOLUTE
    init.s                                   0x00000000   Number         0  init.o ABSOLUTE
    RESET                                    0x08000000   Section      236  startup_stm32f10x_md.o(RESET)
    .ARM.Collect$$$$00000000                 0x080000ec   Section        0  entry.o(.ARM.Collect$$$$00000000)
    .ARM.Collect$$$$00000001                 0x080000ec   Section        4  entry2.o(.ARM.Collect$$$$00000001)
    .ARM.Collect$$$$00000004                 0x080000f0   Section        4  entry5.o(.ARM.Collect$$$$00000004)
    .ARM.Collect$$$$00000008                 0x080000f4   Section        0  entry7b.o(.ARM.Collect$$$$00000008)
    .ARM.Collect$$$$0000000A                 0x080000f4   Section        0  entry8b.o(.ARM.Collect$$$$0000000A)
    .ARM.Collect$$$$0000000B                 0x080000f4   Section        8  entry9a.o(.ARM.Collect$$$$0000000B)
    .ARM.Collect$$$$0000000D                 0x080000fc   Section        0  entry10a.o(.ARM.Collect$$$$0000000D)
    .ARM.Collect$$$$0000000F                 0x080000fc   Section        0  entry11a.o(.ARM.Collect$$$$0000000F)
    .ARM.Collect$$$$00002712                 0x080000fc   Section        4  entry2.o(.ARM.Collect$$$$00002712)
    __lit__00000000                          0x080000fc   Data           4  entry2.o(.ARM.Collect$$$$00002712)
    .emb_text                                0x08000100   Section      150  port.o(.emb_text)
    .text                                    0x08000198   Section       36  startup_stm32f10x_md.o(.text)
    .text                                    0x080001bc   Section        0  memcpya.o(.text)
    .text                                    0x080001e0   Section        0  strlen.o(.text)
    .text                                    0x080001ee   Section        0  uidiv.o(.text)
    .text                                    0x0800021a   Section        0  uldiv.o(.text)
    .text                                    0x0800027c   Section        0  iusefp.o(.text)
    .text                                    0x0800027c   Section        0  dadd.o(.text)
    .text                                    0x080003ca   Section        0  dmul.o(.text)
    .text                                    0x080004ae   Section        0  ddiv.o(.text)
    .text                                    0x0800058c   Section        0  dfixul.o(.text)
    .text                                    0x080005bc   Section       48  cdrcmple.o(.text)
    .text                                    0x080005ec   Section       36  init.o(.text)
    .text                                    0x08000610   Section        0  llshl.o(.text)
    .text                                    0x0800062e   Section        0  llushr.o(.text)
    .text                                    0x0800064e   Section        0  llsshr.o(.text)
    .text                                    0x08000672   Section        0  depilogue.o(.text)
    i.ADC_Cmd                                0x0800072c   Section        0  stm32f10x_adc.o(i.ADC_Cmd)
    i.ADC_GetCalibrationStatus               0x08000742   Section        0  stm32f10x_adc.o(i.ADC_GetCalibrationStatus)
    i.ADC_GetConversionValue                 0x08000756   Section        0  stm32f10x_adc.o(i.ADC_GetConversionValue)
    i.ADC_GetResetCalibrationStatus          0x0800075e   Section        0  stm32f10x_adc.o(i.ADC_GetResetCalibrationStatus)
    i.ADC_Init                               0x08000774   Section        0  stm32f10x_adc.o(i.ADC_Init)
    i.ADC_RegularChannelConfig               0x080007c4   Section        0  stm32f10x_adc.o(i.ADC_RegularChannelConfig)
    i.ADC_ResetCalibration                   0x0800087c   Section        0  stm32f10x_adc.o(i.ADC_ResetCalibration)
    i.ADC_SoftwareStartConvCmd               0x08000886   Section        0  stm32f10x_adc.o(i.ADC_SoftwareStartConvCmd)
    i.ADC_StartCalibration                   0x0800089c   Section        0  stm32f10x_adc.o(i.ADC_StartCalibration)
    i.ADC_TempSensorVrefintCmd               0x080008a8   Section        0  stm32f10x_adc.o(i.ADC_TempSensorVrefintCmd)
    i.AppServo_Control                       0x080008cc   Section        0  appservo.o(i.AppServo_Control)
    i.AppServo_Init                          0x08000910   Section        0  appservo.o(i.AppServo_Init)
    i.AppTimeManage_CheckTimeStatus          0x08000934   Section        0  apptimemanage.o(i.AppTimeManage_CheckTimeStatus)
    i.AppTimeManage_GetCurrentTime           0x08000984   Section        0  apptimemanage.o(i.AppTimeManage_GetCurrentTime)
    i.AppTimeManage_Init                     0x080009a2   Section        0  apptimemanage.o(i.AppTimeManage_Init)
    i.AppTimeManage_SetRequestTime           0x080009ac   Section        0  apptimemanage.o(i.AppTimeManage_SetRequestTime)
    i.BKP_DeInit                             0x08000a04   Section        0  stm32f10x_bkp.o(i.BKP_DeInit)
    i.BKP_ReadBackupRegister                 0x08000a14   Section        0  stm32f10x_bkp.o(i.BKP_ReadBackupRegister)
    i.BKP_WriteBackupRegister                0x08000a30   Section        0  stm32f10x_bkp.o(i.BKP_WriteBackupRegister)
    i.BusFault_Handler                       0x08000a4c   Section        0  stm32f10x_it.o(i.BusFault_Handler)
    i.Button_CheckMode                       0x08000a50   Section        0  main.o(i.Button_CheckMode)
    Button_CheckMode                         0x08000a51   Thumb Code   292  main.o(i.Button_CheckMode)
    i.Button_Config                          0x08000b98   Section        0  button.o(i.Button_Config)
    i.Button_EditTime                        0x08000c08   Section        0  main.o(i.Button_EditTime)
    Button_EditTime                          0x08000c09   Thumb Code   172  main.o(i.Button_EditTime)
    i.Button_HandleData                      0x08000d10   Section        0  main.o(i.Button_HandleData)
    Button_HandleData                        0x08000d11   Thumb Code   158  main.o(i.Button_HandleData)
    i.Button_Init                            0x08000db8   Section        0  main.o(i.Button_Init)
    Button_Init                              0x08000db9   Thumb Code    64  main.o(i.Button_Init)
    i.Button_OnHold                          0x08000e08   Section        0  button.o(i.Button_OnHold)
    i.Button_OnPress                         0x08000e30   Section        0  button.o(i.Button_OnPress)
    i.Button_SetHoldTime                     0x08000e58   Section        0  button.o(i.Button_SetHoldTime)
    i.Button_TimerGetTickMs                  0x08000e5c   Section        0  button.o(i.Button_TimerGetTickMs)
    Button_TimerGetTickMs                    0x08000e5d   Thumb Code    26  button.o(i.Button_TimerGetTickMs)
    i.Button_TimerInit                       0x08000e7c   Section        0  button.o(i.Button_TimerInit)
    Button_TimerInit                         0x08000e7d   Thumb Code   106  button.o(i.Button_TimerInit)
    i.Button_Update                          0x08000ee6   Section        0  button.o(i.Button_Update)
    Button_Update                            0x08000ee7   Thumb Code   158  button.o(i.Button_Update)
    i.DHT11_Init                             0x08000f84   Section        0  dht11.o(i.DHT11_Init)
    i.DHT11_Read                             0x08000fcc   Section        0  dht11.o(i.DHT11_Read)
    i.DebugMon_Handler                       0x08001478   Section        0  stm32f10x_it.o(i.DebugMon_Handler)
    i.DelayTimer_Init                        0x0800147c   Section        0  delaytimer.o(i.DelayTimer_Init)
    i.DelayTimer_Ms                          0x080014e8   Section        0  delaytimer.o(i.DelayTimer_Ms)
    i.Delay_Init                             0x08001500   Section        0  dht11.o(i.Delay_Init)
    Delay_Init                               0x08001501   Thumb Code    58  dht11.o(i.Delay_Init)
    i.Delay_Ms                               0x08001540   Section        0  dht11.o(i.Delay_Ms)
    Delay_Ms                                 0x08001541   Thumb Code    24  dht11.o(i.Delay_Ms)
    i.Delay_Us                               0x08001558   Section        0  dht11.o(i.Delay_Us)
    Delay_Us                                 0x08001559   Thumb Code    26  dht11.o(i.Delay_Us)
    i.GPIO_Init                              0x08001578   Section        0  stm32f10x_gpio.o(i.GPIO_Init)
    i.GPIO_Mode_AF_PP_Config                 0x08001690   Section        0  appservo.o(i.GPIO_Mode_AF_PP_Config)
    GPIO_Mode_AF_PP_Config                   0x08001691   Thumb Code    62  appservo.o(i.GPIO_Mode_AF_PP_Config)
    i.GPIO_ReadInputDataBit                  0x080016d8   Section        0  stm32f10x_gpio.o(i.GPIO_ReadInputDataBit)
    i.GPIO_ResetBits                         0x080016ea   Section        0  stm32f10x_gpio.o(i.GPIO_ResetBits)
    i.GPIO_SetBits                           0x080016ee   Section        0  stm32f10x_gpio.o(i.GPIO_SetBits)
    i.GPIO_WriteBit                          0x080016f2   Section        0  stm32f10x_gpio.o(i.GPIO_WriteBit)
    i.HardFault_Handler                      0x080016fc   Section        0  stm32f10x_it.o(i.HardFault_Handler)
    i.I2C_CheckEvent                         0x08001700   Section        0  stm32f10x_i2c.o(i.I2C_CheckEvent)
    i.I2C_Cmd                                0x0800172a   Section        0  stm32f10x_i2c.o(i.I2C_Cmd)
    i.I2C_GenerateSTART                      0x08001742   Section        0  stm32f10x_i2c.o(i.I2C_GenerateSTART)
    i.I2C_GenerateSTOP                       0x0800175a   Section        0  stm32f10x_i2c.o(i.I2C_GenerateSTOP)
    i.I2C_Init                               0x08001774   Section        0  stm32f10x_i2c.o(i.I2C_Init)
    i.I2C_Send7bitAddress                    0x08001860   Section        0  stm32f10x_i2c.o(i.I2C_Send7bitAddress)
    i.I2C_SendData                           0x08001872   Section        0  stm32f10x_i2c.o(i.I2C_SendData)
    i.LCD_Clear                              0x08001876   Section        0  lcd_i2c.o(i.LCD_Clear)
    i.LCD_Cmd_Write                          0x08001886   Section        0  lcd_i2c.o(i.LCD_Cmd_Write)
    LCD_Cmd_Write                            0x08001887   Thumb Code    66  lcd_i2c.o(i.LCD_Cmd_Write)
    i.LCD_Data_Write                         0x080018c8   Section        0  lcd_i2c.o(i.LCD_Data_Write)
    LCD_Data_Write                           0x080018c9   Thumb Code    70  lcd_i2c.o(i.LCD_Data_Write)
    i.LCD_Gotoxy                             0x0800190e   Section        0  lcd_i2c.o(i.LCD_Gotoxy)
    i.LCD_I2C_Configuration                  0x08001938   Section        0  lcd_i2c.o(i.LCD_I2C_Configuration)
    LCD_I2C_Configuration                    0x08001939   Thumb Code   104  lcd_i2c.o(i.LCD_I2C_Configuration)
    i.LCD_Init                               0x080019ac   Section        0  lcd_i2c.o(i.LCD_Init)
    i.LCD_Printf                             0x08001a0c   Section        0  lcd_i2c.o(i.LCD_Printf)
    i.LCD_Write_Byte                         0x08001a4c   Section        0  lcd_i2c.o(i.LCD_Write_Byte)
    LCD_Write_Byte                           0x08001a4d   Thumb Code    84  lcd_i2c.o(i.LCD_Write_Byte)
    i.LIGHT_Init                             0x08001aac   Section        0  light.o(i.LIGHT_Init)
    i.LIGHT_Read                             0x08001b54   Section        0  light.o(i.LIGHT_Read)
    i.Led_Init                               0x08001b7c   Section        0  main.o(i.Led_Init)
    Led_Init                                 0x08001b7d   Thumb Code    40  main.o(i.Led_Init)
    i.Map                                    0x08001ba8   Section        0  appservo.o(i.Map)
    Map                                      0x08001ba9   Thumb Code    24  appservo.o(i.Map)
    i.Map                                    0x08001bc0   Section        0  light.o(i.Map)
    Map                                      0x08001bc1   Thumb Code    24  light.o(i.Map)
    i.MemManage_Handler                      0x08001bd8   Section        0  stm32f10x_it.o(i.MemManage_Handler)
    i.Mode_DisplayAndHandleData              0x08001bdc   Section        0  main.o(i.Mode_DisplayAndHandleData)
    Mode_DisplayAndHandleData                0x08001bdd   Thumb Code   238  main.o(i.Mode_DisplayAndHandleData)
    i.Mode_SelectOption                      0x08001d1c   Section        0  main.o(i.Mode_SelectOption)
    Mode_SelectOption                        0x08001d1d   Thumb Code   106  main.o(i.Mode_SelectOption)
    i.NMI_Handler                            0x08001dbc   Section        0  stm32f10x_it.o(i.NMI_Handler)
    i.NVIC_Configuration                     0x08001dbe   Section        0  rtc.o(i.NVIC_Configuration)
    NVIC_Configuration                       0x08001dbf   Thumb Code    42  rtc.o(i.NVIC_Configuration)
    i.NVIC_Init                              0x08001de8   Section        0  misc.o(i.NVIC_Init)
    i.NVIC_PriorityGroupConfig               0x08001e58   Section        0  misc.o(i.NVIC_PriorityGroupConfig)
    i.PWR_BackupAccessCmd                    0x08001e6c   Section        0  stm32f10x_pwr.o(i.PWR_BackupAccessCmd)
    i.RB_Push                                0x08001e78   Section        0  ringbuffer.o(i.RB_Push)
    i.RCC_APB1PeriphClockCmd                 0x08001ea8   Section        0  stm32f10x_rcc.o(i.RCC_APB1PeriphClockCmd)
    i.RCC_APB2PeriphClockCmd                 0x08001ec8   Section        0  stm32f10x_rcc.o(i.RCC_APB2PeriphClockCmd)
    i.RCC_BackupResetCmd                     0x08001ee8   Section        0  stm32f10x_rcc.o(i.RCC_BackupResetCmd)
    i.RCC_ClearFlag                          0x08001ef4   Section        0  stm32f10x_rcc.o(i.RCC_ClearFlag)
    i.RCC_GetClocksFreq                      0x08001f08   Section        0  stm32f10x_rcc.o(i.RCC_GetClocksFreq)
    i.RCC_GetFlagStatus                      0x08001fdc   Section        0  stm32f10x_rcc.o(i.RCC_GetFlagStatus)
    i.RCC_LSEConfig                          0x08002018   Section        0  stm32f10x_rcc.o(i.RCC_LSEConfig)
    i.RCC_RTCCLKCmd                          0x0800204c   Section        0  stm32f10x_rcc.o(i.RCC_RTCCLKCmd)
    i.RCC_RTCCLKConfig                       0x08002058   Section        0  stm32f10x_rcc.o(i.RCC_RTCCLKConfig)
    i.RTC_ClearITPendingBit                  0x08002068   Section        0  stm32f10x_rtc.o(i.RTC_ClearITPendingBit)
    i.RTC_Configuration                      0x08002078   Section        0  rtc.o(i.RTC_Configuration)
    RTC_Configuration                        0x08002079   Thumb Code    88  rtc.o(i.RTC_Configuration)
    i.RTC_EnterConfigMode                    0x080020d0   Section        0  stm32f10x_rtc.o(i.RTC_EnterConfigMode)
    i.RTC_ExitConfigMode                     0x080020e4   Section        0  stm32f10x_rtc.o(i.RTC_ExitConfigMode)
    i.RTC_GetITStatus                        0x080020f8   Section        0  stm32f10x_rtc.o(i.RTC_GetITStatus)
    i.RTC_GetTime                            0x0800211c   Section        0  rtc.o(i.RTC_GetTime)
    i.RTC_IRQHandler                         0x08002134   Section        0  rtc.o(i.RTC_IRQHandler)
    i.RTC_ITConfig                           0x0800218c   Section        0  stm32f10x_rtc.o(i.RTC_ITConfig)
    i.RTC_Init                               0x080021ac   Section        0  rtc.o(i.RTC_Init)
    i.RTC_SetCounter                         0x08002210   Section        0  stm32f10x_rtc.o(i.RTC_SetCounter)
    i.RTC_SetPrescaler                       0x0800222c   Section        0  stm32f10x_rtc.o(i.RTC_SetPrescaler)
    i.RTC_SetTime                            0x0800224c   Section        0  rtc.o(i.RTC_SetTime)
    i.RTC_WaitForLastTask                    0x08002260   Section        0  stm32f10x_rtc.o(i.RTC_WaitForLastTask)
    i.RTC_WaitForSynchro                     0x08002274   Section        0  stm32f10x_rtc.o(i.RTC_WaitForSynchro)
    i.SetSysClock                            0x08002298   Section        0  system_stm32f10x.o(i.SetSysClock)
    SetSysClock                              0x08002299   Thumb Code     8  system_stm32f10x.o(i.SetSysClock)
    i.SetSysClockTo72                        0x080022a0   Section        0  system_stm32f10x.o(i.SetSysClockTo72)
    SetSysClockTo72                          0x080022a1   Thumb Code   214  system_stm32f10x.o(i.SetSysClockTo72)
    i.SysTick_Handler                        0x08002380   Section        0  port.o(i.SysTick_Handler)
    i.SystemInit                             0x080023b4   Section        0  system_stm32f10x.o(i.SystemInit)
    i.TIM2_IRQHandler                        0x08002414   Section        0  button.o(i.TIM2_IRQHandler)
    i.TIM3_IRQHandler                        0x08002440   Section        0  delaytimer.o(i.TIM3_IRQHandler)
    i.TIM_Base_Config                        0x08002470   Section        0  appservo.o(i.TIM_Base_Config)
    TIM_Base_Config                          0x08002471   Thumb Code    90  appservo.o(i.TIM_Base_Config)
    i.TIM_ClearFlag                          0x080024d4   Section        0  stm32f10x_tim.o(i.TIM_ClearFlag)
    i.TIM_ClearITPendingBit                  0x080024da   Section        0  stm32f10x_tim.o(i.TIM_ClearITPendingBit)
    i.TIM_Cmd                                0x080024e0   Section        0  stm32f10x_tim.o(i.TIM_Cmd)
    i.TIM_GetCounter                         0x080024f8   Section        0  stm32f10x_tim.o(i.TIM_GetCounter)
    i.TIM_ITConfig                           0x080024fe   Section        0  stm32f10x_tim.o(i.TIM_ITConfig)
    i.TIM_OC1Init                            0x08002510   Section        0  stm32f10x_tim.o(i.TIM_OC1Init)
    i.TIM_OC2Init                            0x080025a8   Section        0  stm32f10x_tim.o(i.TIM_OC2Init)
    i.TIM_OC3Init                            0x0800264c   Section        0  stm32f10x_tim.o(i.TIM_OC3Init)
    i.TIM_OC4Init                            0x080026ec   Section        0  stm32f10x_tim.o(i.TIM_OC4Init)
    i.TIM_PWM_Channel_Config                 0x08002768   Section        0  appservo.o(i.TIM_PWM_Channel_Config)
    TIM_PWM_Channel_Config                   0x08002769   Thumb Code   274  appservo.o(i.TIM_PWM_Channel_Config)
    i.TIM_SetCounter                         0x0800288c   Section        0  stm32f10x_tim.o(i.TIM_SetCounter)
    i.TIM_TimeBaseInit                       0x08002890   Section        0  stm32f10x_tim.o(i.TIM_TimeBaseInit)
    i.Task_ControlDevice                     0x08002934   Section        0  main.o(i.Task_ControlDevice)
    Task_ControlDevice                       0x08002935   Thumb Code   314  main.o(i.Task_ControlDevice)
    i.Task_TimeManage                        0x08002a78   Section        0  main.o(i.Task_TimeManage)
    Task_TimeManage                          0x08002a79   Thumb Code   188  main.o(i.Task_TimeManage)
    i.Timer_GetTickMs                        0x08002b54   Section        0  delaytimer.o(i.Timer_GetTickMs)
    i.USART1_IRQHandler                      0x08002b74   Section        0  serial.o(i.USART1_IRQHandler)
    i.USART_GetChar                          0x08002b90   Section        0  serial.o(i.USART_GetChar)
    i.USART_GetFlagStatus                    0x08002bb0   Section        0  stm32f10x_usart.o(i.USART_GetFlagStatus)
    i.UsageFault_Handler                     0x08002bca   Section        0  stm32f10x_it.o(i.UsageFault_Handler)
    i.__0vsprintf                            0x08002bd0   Section        0  printfa.o(i.__0vsprintf)
    i.__scatterload_copy                     0x08002bf4   Section       14  handlers.o(i.__scatterload_copy)
    i.__scatterload_null                     0x08002c02   Section        2  handlers.o(i.__scatterload_null)
    i.__scatterload_zeroinit                 0x08002c04   Section       14  handlers.o(i.__scatterload_zeroinit)
    i._fp_digits                             0x08002c14   Section        0  printfa.o(i._fp_digits)
    _fp_digits                               0x08002c15   Thumb Code   366  printfa.o(i._fp_digits)
    i._printf_core                           0x08002d98   Section        0  printfa.o(i._printf_core)
    _printf_core                             0x08002d99   Thumb Code  1744  printfa.o(i._printf_core)
    i._printf_post_padding                   0x08003474   Section        0  printfa.o(i._printf_post_padding)
    _printf_post_padding                     0x08003475   Thumb Code    36  printfa.o(i._printf_post_padding)
    i._printf_pre_padding                    0x08003498   Section        0  printfa.o(i._printf_pre_padding)
    _printf_pre_padding                      0x08003499   Thumb Code    46  printfa.o(i._printf_pre_padding)
    i._sputc                                 0x080034c6   Section        0  printfa.o(i._sputc)
    _sputc                                   0x080034c7   Thumb Code    10  printfa.o(i._sputc)
    i.main                                   0x080034d0   Section        0  main.o(i.main)
    i.prvAddCurrentTaskToDelayedList         0x08003540   Section        0  tasks.o(i.prvAddCurrentTaskToDelayedList)
    prvAddCurrentTaskToDelayedList           0x08003541   Thumb Code   124  tasks.o(i.prvAddCurrentTaskToDelayedList)
    i.prvAddNewTaskToReadyList               0x080035d8   Section        0  tasks.o(i.prvAddNewTaskToReadyList)
    prvAddNewTaskToReadyList                 0x080035d9   Thumb Code   150  tasks.o(i.prvAddNewTaskToReadyList)
    i.prvCheckTasksWaitingTermination        0x0800368c   Section        0  tasks.o(i.prvCheckTasksWaitingTermination)
    prvCheckTasksWaitingTermination          0x0800368d   Thumb Code    86  tasks.o(i.prvCheckTasksWaitingTermination)
    i.prvCopyDataFromQueue                   0x080036f0   Section        0  queue.o(i.prvCopyDataFromQueue)
    prvCopyDataFromQueue                     0x080036f1   Thumb Code    42  queue.o(i.prvCopyDataFromQueue)
    i.prvCopyDataToQueue                     0x0800371a   Section        0  queue.o(i.prvCopyDataToQueue)
    prvCopyDataToQueue                       0x0800371b   Thumb Code   106  queue.o(i.prvCopyDataToQueue)
    i.prvDeleteTCB                           0x08003784   Section        0  tasks.o(i.prvDeleteTCB)
    prvDeleteTCB                             0x08003785   Thumb Code    18  tasks.o(i.prvDeleteTCB)
    i.prvHeapInit                            0x08003798   Section        0  heap_2.o(i.prvHeapInit)
    prvHeapInit                              0x08003799   Thumb Code    42  heap_2.o(i.prvHeapInit)
    i.prvIdleTask                            0x080037d0   Section        0  tasks.o(i.prvIdleTask)
    prvIdleTask                              0x080037d1   Thumb Code    32  tasks.o(i.prvIdleTask)
    i.prvInitialiseNewQueue                  0x080037f8   Section        0  queue.o(i.prvInitialiseNewQueue)
    prvInitialiseNewQueue                    0x080037f9   Thumb Code    38  queue.o(i.prvInitialiseNewQueue)
    i.prvInitialiseNewTask                   0x0800381e   Section        0  tasks.o(i.prvInitialiseNewTask)
    prvInitialiseNewTask                     0x0800381f   Thumb Code   128  tasks.o(i.prvInitialiseNewTask)
    i.prvInitialiseTaskLists                 0x080038a0   Section        0  tasks.o(i.prvInitialiseTaskLists)
    prvInitialiseTaskLists                   0x080038a1   Thumb Code    70  tasks.o(i.prvInitialiseTaskLists)
    i.prvIsQueueEmpty                        0x08003908   Section        0  queue.o(i.prvIsQueueEmpty)
    prvIsQueueEmpty                          0x08003909   Thumb Code    26  queue.o(i.prvIsQueueEmpty)
    i.prvIsQueueFull                         0x08003922   Section        0  queue.o(i.prvIsQueueFull)
    prvIsQueueFull                           0x08003923   Thumb Code    30  queue.o(i.prvIsQueueFull)
    i.prvResetNextTaskUnblockTime            0x08003940   Section        0  tasks.o(i.prvResetNextTaskUnblockTime)
    prvResetNextTaskUnblockTime              0x08003941   Thumb Code    42  tasks.o(i.prvResetNextTaskUnblockTime)
    i.prvTaskExitError                       0x08003974   Section        0  port.o(i.prvTaskExitError)
    prvTaskExitError                         0x08003975   Thumb Code    22  port.o(i.prvTaskExitError)
    i.prvUnlockQueue                         0x0800398a   Section        0  queue.o(i.prvUnlockQueue)
    prvUnlockQueue                           0x0800398b   Thumb Code   126  queue.o(i.prvUnlockQueue)
    i.pvPortMalloc                           0x08003a08   Section        0  heap_2.o(i.pvPortMalloc)
    i.pxPortInitialiseStack                  0x08003ac0   Section        0  port.o(i.pxPortInitialiseStack)
    i.uxListRemove                           0x08003ae4   Section        0  list.o(i.uxListRemove)
    i.vListInitialise                        0x08003b0c   Section        0  list.o(i.vListInitialise)
    i.vListInitialiseItem                    0x08003b26   Section        0  list.o(i.vListInitialiseItem)
    i.vListInsert                            0x08003b2c   Section        0  list.o(i.vListInsert)
    i.vListInsertEnd                         0x08003b60   Section        0  list.o(i.vListInsertEnd)
    i.vPortEnterCritical                     0x08003b78   Section        0  port.o(i.vPortEnterCritical)
    i.vPortExitCritical                      0x08003b9c   Section        0  port.o(i.vPortExitCritical)
    i.vPortFree                              0x08003bbc   Section        0  heap_2.o(i.vPortFree)
    i.vPortSetupTimerInterrupt               0x08003bfc   Section        0  port.o(i.vPortSetupTimerInterrupt)
    i.vTaskDelay                             0x08003c10   Section        0  tasks.o(i.vTaskDelay)
    i.vTaskMissedYield                       0x08003c44   Section        0  tasks.o(i.vTaskMissedYield)
    i.vTaskPlaceOnEventList                  0x08003c50   Section        0  tasks.o(i.vTaskPlaceOnEventList)
    i.vTaskSetTimeOutState                   0x08003c70   Section        0  tasks.o(i.vTaskSetTimeOutState)
    i.vTaskStartScheduler                    0x08003c88   Section        0  tasks.o(i.vTaskStartScheduler)
    i.vTaskSuspendAll                        0x08003cec   Section        0  tasks.o(i.vTaskSuspendAll)
    i.vTaskSwitchContext                     0x08003cfc   Section        0  tasks.o(i.vTaskSwitchContext)
    i.xPortStartScheduler                    0x08003d5c   Section        0  port.o(i.xPortStartScheduler)
    i.xQueueGenericCreate                    0x08003d90   Section        0  queue.o(i.xQueueGenericCreate)
    i.xQueueGenericReceive                   0x08003dc8   Section        0  queue.o(i.xQueueGenericReceive)
    i.xQueueGenericReset                     0x08003f04   Section        0  queue.o(i.xQueueGenericReset)
    i.xQueueGenericSend                      0x08003f84   Section        0  queue.o(i.xQueueGenericSend)
    i.xTaskCheckForTimeOut                   0x0800409c   Section        0  tasks.o(i.xTaskCheckForTimeOut)
    i.xTaskCreate                            0x080040f8   Section        0  tasks.o(i.xTaskCreate)
    i.xTaskIncrementTick                     0x08004158   Section        0  tasks.o(i.xTaskIncrementTick)
    i.xTaskRemoveFromEventList               0x08004274   Section        0  tasks.o(i.xTaskRemoveFromEventList)
    i.xTaskResumeAll                         0x080042f4   Section        0  tasks.o(i.xTaskResumeAll)
    .data                                    0x20000000   Section       20  stm32f10x_rcc.o(.data)
    APBAHBPrescTable                         0x20000000   Data          16  stm32f10x_rcc.o(.data)
    ADCPrescTable                            0x20000010   Data           4  stm32f10x_rcc.o(.data)
    .data                                    0x20000014   Section      133  main.o(.data)
    .data                                    0x20000099   Section        3  apptimemanage.o(.data)
    .data                                    0x2000009c   Section        8  button.o(.data)
    tickMs                                   0x2000009c   Data           4  button.o(.data)
    tickUs                                   0x200000a0   Data           4  button.o(.data)
    .data                                    0x200000a4   Section        8  delaytimer.o(.data)
    tickMs                                   0x200000a4   Data           4  delaytimer.o(.data)
    tickUs                                   0x200000a8   Data           4  delaytimer.o(.data)
    .data                                    0x200000ac   Section       24  dht11.o(.data)
    .data                                    0x200000c4   Section        3  rtc.o(.data)
    rtcTime                                  0x200000c4   Data           3  rtc.o(.data)
    .data                                    0x200000c8   Section        8  serial.o(.data)
    .data                                    0x200000d0   Section       24  heap_2.o(.data)
    xStart                                   0x200000d0   Data           8  heap_2.o(.data)
    xEnd                                     0x200000d8   Data           8  heap_2.o(.data)
    xFreeBytesRemaining                      0x200000e0   Data           4  heap_2.o(.data)
    xHeapHasBeenInitialised                  0x200000e4   Data           4  heap_2.o(.data)
    .data                                    0x200000e8   Section        4  port.o(.data)
    uxCriticalNesting                        0x200000e8   Data           4  port.o(.data)
    .data                                    0x200000ec   Section       60  tasks.o(.data)
    pxDelayedTaskList                        0x200000f0   Data           4  tasks.o(.data)
    pxOverflowDelayedTaskList                0x200000f4   Data           4  tasks.o(.data)
    uxDeletedTasksWaitingCleanUp             0x200000f8   Data           4  tasks.o(.data)
    uxCurrentNumberOfTasks                   0x200000fc   Data           4  tasks.o(.data)
    xTickCount                               0x20000100   Data           4  tasks.o(.data)
    uxTopReadyPriority                       0x20000104   Data           4  tasks.o(.data)
    xSchedulerRunning                        0x20000108   Data           4  tasks.o(.data)
    uxPendedTicks                            0x2000010c   Data           4  tasks.o(.data)
    xYieldPending                            0x20000110   Data           4  tasks.o(.data)
    xNumOfOverflows                          0x20000114   Data           4  tasks.o(.data)
    uxTaskNumber                             0x20000118   Data           4  tasks.o(.data)
    xNextTaskUnblockTime                     0x2000011c   Data           4  tasks.o(.data)
    xIdleTaskHandle                          0x20000120   Data           4  tasks.o(.data)
    uxSchedulerSuspended                     0x20000124   Data           4  tasks.o(.data)
    .bss                                     0x20000128   Section       84  main.o(.bss)
    .bss                                     0x2000017c   Section        9  apptimemanage.o(.bss)
    .bss                                     0x20000185   Section    17408  heap_2.o(.bss)
    ucHeap                                   0x20000185   Data       17408  heap_2.o(.bss)
    .bss                                     0x20004588   Section      200  tasks.o(.bss)
    pxReadyTasksLists                        0x20004588   Data         100  tasks.o(.bss)
    xDelayedTaskList1                        0x200045ec   Data          20  tasks.o(.bss)
    xDelayedTaskList2                        0x20004600   Data          20  tasks.o(.bss)
    xPendingReadyList                        0x20004614   Data          20  tasks.o(.bss)
    xTasksWaitingTermination                 0x20004628   Data          20  tasks.o(.bss)
    xSuspendedTaskList                       0x2000463c   Data          20  tasks.o(.bss)
    STACK                                    0x20004650   Section     1024  startup_stm32f10x_md.o(STACK)

    Global Symbols

    Symbol Name                              Value     Ov Type        Size  Object(Section)

    BuildAttributes$$THM_ISAv4$P$D$K$B$S$PE$A:L22UL41UL21$X:L11$S22US41US21$IEEE1$IW$USESV6$~STKCKD$USESV7$~SHL$OSPACE$ROPI$EBA8$MICROLIB$REQ8$PRES8$EABIv2 0x00000000   Number         0  anon$$obj.o ABSOLUTE
    __ARM_use_no_argv                        0x00000000   Number         0  main.o ABSOLUTE
    __cpp_initialize__aeabi_                  - Undefined Weak Reference
    __cxa_finalize                            - Undefined Weak Reference
    __decompress                              - Undefined Weak Reference
    _clock_init                               - Undefined Weak Reference
    _microlib_exit                            - Undefined Weak Reference
    __Vectors_Size                           0x000000ec   Number         0  startup_stm32f10x_md.o ABSOLUTE
    __Vectors                                0x08000000   Data           4  startup_stm32f10x_md.o(RESET)
    __Vectors_End                            0x080000ec   Data           0  startup_stm32f10x_md.o(RESET)
    __main                                   0x080000ed   Thumb Code     0  entry.o(.ARM.Collect$$$$00000000)
    _main_stk                                0x080000ed   Thumb Code     0  entry2.o(.ARM.Collect$$$$00000001)
    _main_scatterload                        0x080000f1   Thumb Code     0  entry5.o(.ARM.Collect$$$$00000004)
    __main_after_scatterload                 0x080000f5   Thumb Code     0  entry5.o(.ARM.Collect$$$$00000004)
    _main_clock                              0x080000f5   Thumb Code     0  entry7b.o(.ARM.Collect$$$$00000008)
    _main_cpp_init                           0x080000f5   Thumb Code     0  entry8b.o(.ARM.Collect$$$$0000000A)
    _main_init                               0x080000f5   Thumb Code     0  entry9a.o(.ARM.Collect$$$$0000000B)
    __rt_final_cpp                           0x080000fd   Thumb Code     0  entry10a.o(.ARM.Collect$$$$0000000D)
    __rt_final_exit                          0x080000fd   Thumb Code     0  entry11a.o(.ARM.Collect$$$$0000000F)
    SVC_Handler                              0x08000101   Thumb Code    32  port.o(.emb_text)
    __asm___6_port_c_39a90d8d__prvStartFirstTask 0x08000125   Thumb Code    28  port.o(.emb_text)
    PendSV_Handler                           0x08000145   Thumb Code    72  port.o(.emb_text)
    vPortGetIPSR                             0x08000191   Thumb Code     6  port.o(.emb_text)
    Reset_Handler                            0x08000199   Thumb Code     8  startup_stm32f10x_md.o(.text)
    ADC1_2_IRQHandler                        0x080001b3   Thumb Code     0  startup_stm32f10x_md.o(.text)
    CAN1_RX1_IRQHandler                      0x080001b3   Thumb Code     0  startup_stm32f10x_md.o(.text)
    CAN1_SCE_IRQHandler                      0x080001b3   Thumb Code     0  startup_stm32f10x_md.o(.text)
    DMA1_Channel1_IRQHandler                 0x080001b3   Thumb Code     0  startup_stm32f10x_md.o(.text)
    DMA1_Channel2_IRQHandler                 0x080001b3   Thumb Code     0  startup_stm32f10x_md.o(.text)
    DMA1_Channel3_IRQHandler                 0x080001b3   Thumb Code     0  startup_stm32f10x_md.o(.text)
    DMA1_Channel4_IRQHandler                 0x080001b3   Thumb Code     0  startup_stm32f10x_md.o(.text)
    DMA1_Channel5_IRQHandler                 0x080001b3   Thumb Code     0  startup_stm32f10x_md.o(.text)
    DMA1_Channel6_IRQHandler                 0x080001b3   Thumb Code     0  startup_stm32f10x_md.o(.text)
    DMA1_Channel7_IRQHandler                 0x080001b3   Thumb Code     0  startup_stm32f10x_md.o(.text)
    EXTI0_IRQHandler                         0x080001b3   Thumb Code     0  startup_stm32f10x_md.o(.text)
    EXTI15_10_IRQHandler                     0x080001b3   Thumb Code     0  startup_stm32f10x_md.o(.text)
    EXTI1_IRQHandler                         0x080001b3   Thumb Code     0  startup_stm32f10x_md.o(.text)
    EXTI2_IRQHandler                         0x080001b3   Thumb Code     0  startup_stm32f10x_md.o(.text)
    EXTI3_IRQHandler                         0x080001b3   Thumb Code     0  startup_stm32f10x_md.o(.text)
    EXTI4_IRQHandler                         0x080001b3   Thumb Code     0  startup_stm32f10x_md.o(.text)
    EXTI9_5_IRQHandler                       0x080001b3   Thumb Code     0  startup_stm32f10x_md.o(.text)
    FLASH_IRQHandler                         0x080001b3   Thumb Code     0  startup_stm32f10x_md.o(.text)
    I2C1_ER_IRQHandler                       0x080001b3   Thumb Code     0  startup_stm32f10x_md.o(.text)
    I2C1_EV_IRQHandler                       0x080001b3   Thumb Code     0  startup_stm32f10x_md.o(.text)
    I2C2_ER_IRQHandler                       0x080001b3   Thumb Code     0  startup_stm32f10x_md.o(.text)
    I2C2_EV_IRQHandler                       0x080001b3   Thumb Code     0  startup_stm32f10x_md.o(.text)
    PVD_IRQHandler                           0x080001b3   Thumb Code     0  startup_stm32f10x_md.o(.text)
    RCC_IRQHandler                           0x080001b3   Thumb Code     0  startup_stm32f10x_md.o(.text)
    RTCAlarm_IRQHandler                      0x080001b3   Thumb Code     0  startup_stm32f10x_md.o(.text)
    SPI1_IRQHandler                          0x080001b3   Thumb Code     0  startup_stm32f10x_md.o(.text)
    SPI2_IRQHandler                          0x080001b3   Thumb Code     0  startup_stm32f10x_md.o(.text)
    TAMPER_IRQHandler                        0x080001b3   Thumb Code     0  startup_stm32f10x_md.o(.text)
    TIM1_BRK_IRQHandler                      0x080001b3   Thumb Code     0  startup_stm32f10x_md.o(.text)
    TIM1_CC_IRQHandler                       0x080001b3   Thumb Code     0  startup_stm32f10x_md.o(.text)
    TIM1_TRG_COM_IRQHandler                  0x080001b3   Thumb Code     0  startup_stm32f10x_md.o(.text)
    TIM1_UP_IRQHandler                       0x080001b3   Thumb Code     0  startup_stm32f10x_md.o(.text)
    TIM4_IRQHandler                          0x080001b3   Thumb Code     0  startup_stm32f10x_md.o(.text)
    USART2_IRQHandler                        0x080001b3   Thumb Code     0  startup_stm32f10x_md.o(.text)
    USART3_IRQHandler                        0x080001b3   Thumb Code     0  startup_stm32f10x_md.o(.text)
    USBWakeUp_IRQHandler                     0x080001b3   Thumb Code     0  startup_stm32f10x_md.o(.text)
    USB_HP_CAN1_TX_IRQHandler                0x080001b3   Thumb Code     0  startup_stm32f10x_md.o(.text)
    USB_LP_CAN1_RX0_IRQHandler               0x080001b3   Thumb Code     0  startup_stm32f10x_md.o(.text)
    WWDG_IRQHandler                          0x080001b3   Thumb Code     0  startup_stm32f10x_md.o(.text)
    __aeabi_memcpy                           0x080001bd   Thumb Code    36  memcpya.o(.text)
    __aeabi_memcpy4                          0x080001bd   Thumb Code     0  memcpya.o(.text)
    __aeabi_memcpy8                          0x080001bd   Thumb Code     0  memcpya.o(.text)
    strlen                                   0x080001e1   Thumb Code    14  strlen.o(.text)
    __aeabi_uidiv                            0x080001ef   Thumb Code     0  uidiv.o(.text)
    __aeabi_uidivmod                         0x080001ef   Thumb Code    44  uidiv.o(.text)
    __aeabi_uldivmod                         0x0800021b   Thumb Code    98  uldiv.o(.text)
    __I$use$fp                               0x0800027d   Thumb Code     0  iusefp.o(.text)
    __aeabi_dadd                             0x0800027d   Thumb Code   322  dadd.o(.text)
    __aeabi_dsub                             0x080003bf   Thumb Code     6  dadd.o(.text)
    __aeabi_drsub                            0x080003c5   Thumb Code     6  dadd.o(.text)
    __aeabi_dmul                             0x080003cb   Thumb Code   228  dmul.o(.text)
    __aeabi_ddiv                             0x080004af   Thumb Code   222  ddiv.o(.text)
    __aeabi_d2ulz                            0x0800058d   Thumb Code    48  dfixul.o(.text)
    __aeabi_cdrcmple                         0x080005bd   Thumb Code    48  cdrcmple.o(.text)
    __scatterload                            0x080005ed   Thumb Code    28  init.o(.text)
    __scatterload_rt2                        0x080005ed   Thumb Code     0  init.o(.text)
    __aeabi_llsl                             0x08000611   Thumb Code    30  llshl.o(.text)
    _ll_shift_l                              0x08000611   Thumb Code     0  llshl.o(.text)
    __aeabi_llsr                             0x0800062f   Thumb Code    32  llushr.o(.text)
    _ll_ushift_r                             0x0800062f   Thumb Code     0  llushr.o(.text)
    __aeabi_lasr                             0x0800064f   Thumb Code    36  llsshr.o(.text)
    _ll_sshift_r                             0x0800064f   Thumb Code     0  llsshr.o(.text)
    _double_round                            0x08000673   Thumb Code    30  depilogue.o(.text)
    _double_epilogue                         0x08000691   Thumb Code   156  depilogue.o(.text)
    ADC_Cmd                                  0x0800072d   Thumb Code    22  stm32f10x_adc.o(i.ADC_Cmd)
    ADC_GetCalibrationStatus                 0x08000743   Thumb Code    20  stm32f10x_adc.o(i.ADC_GetCalibrationStatus)
    ADC_GetConversionValue                   0x08000757   Thumb Code     8  stm32f10x_adc.o(i.ADC_GetConversionValue)
    ADC_GetResetCalibrationStatus            0x0800075f   Thumb Code    20  stm32f10x_adc.o(i.ADC_GetResetCalibrationStatus)
    ADC_Init                                 0x08000775   Thumb Code    70  stm32f10x_adc.o(i.ADC_Init)
    ADC_RegularChannelConfig                 0x080007c5   Thumb Code   184  stm32f10x_adc.o(i.ADC_RegularChannelConfig)
    ADC_ResetCalibration                     0x0800087d   Thumb Code    10  stm32f10x_adc.o(i.ADC_ResetCalibration)
    ADC_SoftwareStartConvCmd                 0x08000887   Thumb Code    22  stm32f10x_adc.o(i.ADC_SoftwareStartConvCmd)
    ADC_StartCalibration                     0x0800089d   Thumb Code    10  stm32f10x_adc.o(i.ADC_StartCalibration)
    ADC_TempSensorVrefintCmd                 0x080008a9   Thumb Code    30  stm32f10x_adc.o(i.ADC_TempSensorVrefintCmd)
    AppServo_Control                         0x080008cd   Thumb Code    62  appservo.o(i.AppServo_Control)
    AppServo_Init                            0x08000911   Thumb Code    32  appservo.o(i.AppServo_Init)
    AppTimeManage_CheckTimeStatus            0x08000935   Thumb Code    70  apptimemanage.o(i.AppTimeManage_CheckTimeStatus)
    AppTimeManage_GetCurrentTime             0x08000985   Thumb Code    30  apptimemanage.o(i.AppTimeManage_GetCurrentTime)
    AppTimeManage_Init                       0x080009a3   Thumb Code     8  apptimemanage.o(i.AppTimeManage_Init)
    AppTimeManage_SetRequestTime             0x080009ad   Thumb Code    78  apptimemanage.o(i.AppTimeManage_SetRequestTime)
    BKP_DeInit                               0x08000a05   Thumb Code    16  stm32f10x_bkp.o(i.BKP_DeInit)
    BKP_ReadBackupRegister                   0x08000a15   Thumb Code    24  stm32f10x_bkp.o(i.BKP_ReadBackupRegister)
    BKP_WriteBackupRegister                  0x08000a31   Thumb Code    22  stm32f10x_bkp.o(i.BKP_WriteBackupRegister)
    BusFault_Handler                         0x08000a4d   Thumb Code     4  stm32f10x_it.o(i.BusFault_Handler)
    Button_Config                            0x08000b99   Thumb Code   100  button.o(i.Button_Config)
    Button_OnHold                            0x08000e09   Thumb Code    40  button.o(i.Button_OnHold)
    Button_OnPress                           0x08000e31   Thumb Code    40  button.o(i.Button_OnPress)
    Button_SetHoldTime                       0x08000e59   Thumb Code     4  button.o(i.Button_SetHoldTime)
    DHT11_Init                               0x08000f85   Thumb Code    64  dht11.o(i.DHT11_Init)
    DHT11_Read                               0x08000fcd   Thumb Code  1188  dht11.o(i.DHT11_Read)
    DebugMon_Handler                         0x08001479   Thumb Code     2  stm32f10x_it.o(i.DebugMon_Handler)
    DelayTimer_Init                          0x0800147d   Thumb Code   104  delaytimer.o(i.DelayTimer_Init)
    DelayTimer_Ms                            0x080014e9   Thumb Code    24  delaytimer.o(i.DelayTimer_Ms)
    GPIO_Init                                0x08001579   Thumb Code   278  stm32f10x_gpio.o(i.GPIO_Init)
    GPIO_ReadInputDataBit                    0x080016d9   Thumb Code    18  stm32f10x_gpio.o(i.GPIO_ReadInputDataBit)
    GPIO_ResetBits                           0x080016eb   Thumb Code     4  stm32f10x_gpio.o(i.GPIO_ResetBits)
    GPIO_SetBits                             0x080016ef   Thumb Code     4  stm32f10x_gpio.o(i.GPIO_SetBits)
    GPIO_WriteBit                            0x080016f3   Thumb Code    10  stm32f10x_gpio.o(i.GPIO_WriteBit)
    HardFault_Handler                        0x080016fd   Thumb Code     4  stm32f10x_it.o(i.HardFault_Handler)
    I2C_CheckEvent                           0x08001701   Thumb Code    42  stm32f10x_i2c.o(i.I2C_CheckEvent)
    I2C_Cmd                                  0x0800172b   Thumb Code    24  stm32f10x_i2c.o(i.I2C_Cmd)
    I2C_GenerateSTART                        0x08001743   Thumb Code    24  stm32f10x_i2c.o(i.I2C_GenerateSTART)
    I2C_GenerateSTOP                         0x0800175b   Thumb Code    24  stm32f10x_i2c.o(i.I2C_GenerateSTOP)
    I2C_Init                                 0x08001775   Thumb Code   222  stm32f10x_i2c.o(i.I2C_Init)
    I2C_Send7bitAddress                      0x08001861   Thumb Code    18  stm32f10x_i2c.o(i.I2C_Send7bitAddress)
    I2C_SendData                             0x08001873   Thumb Code     4  stm32f10x_i2c.o(i.I2C_SendData)
    LCD_Clear                                0x08001877   Thumb Code    16  lcd_i2c.o(i.LCD_Clear)
    LCD_Gotoxy                               0x0800190f   Thumb Code    42  lcd_i2c.o(i.LCD_Gotoxy)
    LCD_Init                                 0x080019ad   Thumb Code    96  lcd_i2c.o(i.LCD_Init)
    LCD_Printf                               0x08001a0d   Thumb Code    62  lcd_i2c.o(i.LCD_Printf)
    LIGHT_Init                               0x08001aad   Thumb Code   158  light.o(i.LIGHT_Init)
    LIGHT_Read                               0x08001b55   Thumb Code    34  light.o(i.LIGHT_Read)
    MemManage_Handler                        0x08001bd9   Thumb Code     4  stm32f10x_it.o(i.MemManage_Handler)
    NMI_Handler                              0x08001dbd   Thumb Code     2  stm32f10x_it.o(i.NMI_Handler)
    NVIC_Init                                0x08001de9   Thumb Code   100  misc.o(i.NVIC_Init)
    NVIC_PriorityGroupConfig                 0x08001e59   Thumb Code    10  misc.o(i.NVIC_PriorityGroupConfig)
    PWR_BackupAccessCmd                      0x08001e6d   Thumb Code     6  stm32f10x_pwr.o(i.PWR_BackupAccessCmd)
    RB_Push                                  0x08001e79   Thumb Code    48  ringbuffer.o(i.RB_Push)
    RCC_APB1PeriphClockCmd                   0x08001ea9   Thumb Code    26  stm32f10x_rcc.o(i.RCC_APB1PeriphClockCmd)
    RCC_APB2PeriphClockCmd                   0x08001ec9   Thumb Code    26  stm32f10x_rcc.o(i.RCC_APB2PeriphClockCmd)
    RCC_BackupResetCmd                       0x08001ee9   Thumb Code     6  stm32f10x_rcc.o(i.RCC_BackupResetCmd)
    RCC_ClearFlag                            0x08001ef5   Thumb Code    14  stm32f10x_rcc.o(i.RCC_ClearFlag)
    RCC_GetClocksFreq                        0x08001f09   Thumb Code   192  stm32f10x_rcc.o(i.RCC_GetClocksFreq)
    RCC_GetFlagStatus                        0x08001fdd   Thumb Code    56  stm32f10x_rcc.o(i.RCC_GetFlagStatus)
    RCC_LSEConfig                            0x08002019   Thumb Code    46  stm32f10x_rcc.o(i.RCC_LSEConfig)
    RCC_RTCCLKCmd                            0x0800204d   Thumb Code     6  stm32f10x_rcc.o(i.RCC_RTCCLKCmd)
    RCC_RTCCLKConfig                         0x08002059   Thumb Code    12  stm32f10x_rcc.o(i.RCC_RTCCLKConfig)
    RTC_ClearITPendingBit                    0x08002069   Thumb Code    12  stm32f10x_rtc.o(i.RTC_ClearITPendingBit)
    RTC_EnterConfigMode                      0x080020d1   Thumb Code    14  stm32f10x_rtc.o(i.RTC_EnterConfigMode)
    RTC_ExitConfigMode                       0x080020e5   Thumb Code    16  stm32f10x_rtc.o(i.RTC_ExitConfigMode)
    RTC_GetITStatus                          0x080020f9   Thumb Code    32  stm32f10x_rtc.o(i.RTC_GetITStatus)
    RTC_GetTime                              0x0800211d   Thumb Code    20  rtc.o(i.RTC_GetTime)
    RTC_IRQHandler                           0x08002135   Thumb Code    84  rtc.o(i.RTC_IRQHandler)
    RTC_ITConfig                             0x0800218d   Thumb Code    26  stm32f10x_rtc.o(i.RTC_ITConfig)
    RTC_Init                                 0x080021ad   Thumb Code    96  rtc.o(i.RTC_Init)
    RTC_SetCounter                           0x08002211   Thumb Code    24  stm32f10x_rtc.o(i.RTC_SetCounter)
    RTC_SetPrescaler                         0x0800222d   Thumb Code    26  stm32f10x_rtc.o(i.RTC_SetPrescaler)
    RTC_SetTime                              0x0800224d   Thumb Code    16  rtc.o(i.RTC_SetTime)
    RTC_WaitForLastTask                      0x08002261   Thumb Code    16  stm32f10x_rtc.o(i.RTC_WaitForLastTask)
    RTC_WaitForSynchro                       0x08002275   Thumb Code    30  stm32f10x_rtc.o(i.RTC_WaitForSynchro)
    SysTick_Handler                          0x08002381   Thumb Code    46  port.o(i.SysTick_Handler)
    SystemInit                               0x080023b5   Thumb Code    78  system_stm32f10x.o(i.SystemInit)
    TIM2_IRQHandler                          0x08002415   Thumb Code    36  button.o(i.TIM2_IRQHandler)
    TIM3_IRQHandler                          0x08002441   Thumb Code    36  delaytimer.o(i.TIM3_IRQHandler)
    TIM_ClearFlag                            0x080024d5   Thumb Code     6  stm32f10x_tim.o(i.TIM_ClearFlag)
    TIM_ClearITPendingBit                    0x080024db   Thumb Code     6  stm32f10x_tim.o(i.TIM_ClearITPendingBit)
    TIM_Cmd                                  0x080024e1   Thumb Code    24  stm32f10x_tim.o(i.TIM_Cmd)
    TIM_GetCounter                           0x080024f9   Thumb Code     6  stm32f10x_tim.o(i.TIM_GetCounter)
    TIM_ITConfig                             0x080024ff   Thumb Code    18  stm32f10x_tim.o(i.TIM_ITConfig)
    TIM_OC1Init                              0x08002511   Thumb Code   132  stm32f10x_tim.o(i.TIM_OC1Init)
    TIM_OC2Init                              0x080025a9   Thumb Code   154  stm32f10x_tim.o(i.TIM_OC2Init)
    TIM_OC3Init                              0x0800264d   Thumb Code   150  stm32f10x_tim.o(i.TIM_OC3Init)
    TIM_OC4Init                              0x080026ed   Thumb Code   114  stm32f10x_tim.o(i.TIM_OC4Init)
    TIM_SetCounter                           0x0800288d   Thumb Code     4  stm32f10x_tim.o(i.TIM_SetCounter)
    TIM_TimeBaseInit                         0x08002891   Thumb Code   122  stm32f10x_tim.o(i.TIM_TimeBaseInit)
    Timer_GetTickMs                          0x08002b55   Thumb Code    24  delaytimer.o(i.Timer_GetTickMs)
    USART1_IRQHandler                        0x08002b75   Thumb Code    20  serial.o(i.USART1_IRQHandler)
    USART_GetChar                            0x08002b91   Thumb Code    28  serial.o(i.USART_GetChar)
    USART_GetFlagStatus                      0x08002bb1   Thumb Code    26  stm32f10x_usart.o(i.USART_GetFlagStatus)
    UsageFault_Handler                       0x08002bcb   Thumb Code     4  stm32f10x_it.o(i.UsageFault_Handler)
    __0vsprintf                              0x08002bd1   Thumb Code    30  printfa.o(i.__0vsprintf)
    __1vsprintf                              0x08002bd1   Thumb Code     0  printfa.o(i.__0vsprintf)
    __2vsprintf                              0x08002bd1   Thumb Code     0  printfa.o(i.__0vsprintf)
    __c89vsprintf                            0x08002bd1   Thumb Code     0  printfa.o(i.__0vsprintf)
    vsprintf                                 0x08002bd1   Thumb Code     0  printfa.o(i.__0vsprintf)
    __scatterload_copy                       0x08002bf5   Thumb Code    14  handlers.o(i.__scatterload_copy)
    __scatterload_null                       0x08002c03   Thumb Code     2  handlers.o(i.__scatterload_null)
    __scatterload_zeroinit                   0x08002c05   Thumb Code    14  handlers.o(i.__scatterload_zeroinit)
    main                                     0x080034d1   Thumb Code    64  main.o(i.main)
    pvPortMalloc                             0x08003a09   Thumb Code   166  heap_2.o(i.pvPortMalloc)
    pxPortInitialiseStack                    0x08003ac1   Thumb Code    30  port.o(i.pxPortInitialiseStack)
    uxListRemove                             0x08003ae5   Thumb Code    40  list.o(i.uxListRemove)
    vListInitialise                          0x08003b0d   Thumb Code    26  list.o(i.vListInitialise)
    vListInitialiseItem                      0x08003b27   Thumb Code     6  list.o(i.vListInitialiseItem)
    vListInsert                              0x08003b2d   Thumb Code    52  list.o(i.vListInsert)
    vListInsertEnd                           0x08003b61   Thumb Code    24  list.o(i.vListInsertEnd)
    vPortEnterCritical                       0x08003b79   Thumb Code    30  port.o(i.vPortEnterCritical)
    vPortExitCritical                        0x08003b9d   Thumb Code    28  port.o(i.vPortExitCritical)
    vPortFree                                0x08003bbd   Thumb Code    56  heap_2.o(i.vPortFree)
    vPortSetupTimerInterrupt                 0x08003bfd   Thumb Code    14  port.o(i.vPortSetupTimerInterrupt)
    vTaskDelay                               0x08003c11   Thumb Code    46  tasks.o(i.vTaskDelay)
    vTaskMissedYield                         0x08003c45   Thumb Code     8  tasks.o(i.vTaskMissedYield)
    vTaskPlaceOnEventList                    0x08003c51   Thumb Code    28  tasks.o(i.vTaskPlaceOnEventList)
    vTaskSetTimeOutState                     0x08003c71   Thumb Code    14  tasks.o(i.vTaskSetTimeOutState)
    vTaskStartScheduler                      0x08003c89   Thumb Code    72  tasks.o(i.vTaskStartScheduler)
    vTaskSuspendAll                          0x08003ced   Thumb Code    12  tasks.o(i.vTaskSuspendAll)
    vTaskSwitchContext                       0x08003cfd   Thumb Code    76  tasks.o(i.vTaskSwitchContext)
    xPortStartScheduler                      0x08003d5d   Thumb Code    42  port.o(i.xPortStartScheduler)
    xQueueGenericCreate                      0x08003d91   Thumb Code    56  queue.o(i.xQueueGenericCreate)
    xQueueGenericReceive                     0x08003dc9   Thumb Code   312  queue.o(i.xQueueGenericReceive)
    xQueueGenericReset                       0x08003f05   Thumb Code   122  queue.o(i.xQueueGenericReset)
    xQueueGenericSend                        0x08003f85   Thumb Code   276  queue.o(i.xQueueGenericSend)
    xTaskCheckForTimeOut                     0x0800409d   Thumb Code    84  tasks.o(i.xTaskCheckForTimeOut)
    xTaskCreate                              0x080040f9   Thumb Code    96  tasks.o(i.xTaskCreate)
    xTaskIncrementTick                       0x08004159   Thumb Code   238  tasks.o(i.xTaskIncrementTick)
    xTaskRemoveFromEventList                 0x08004275   Thumb Code   104  tasks.o(i.xTaskRemoveFromEventList)
    xTaskResumeAll                           0x080042f5   Thumb Code   196  tasks.o(i.xTaskResumeAll)
    Region$$Table$$Base                      0x080043dc   Number         0  anon$$obj.o(Region$$Table)
    Region$$Table$$Limit                     0x080043fc   Number         0  anon$$obj.o(Region$$Table)
    g_Tem1                                   0x20000014   Data           1  main.o(.data)
    g_Tem2                                   0x20000015   Data           1  main.o(.data)
    g_Hum1                                   0x20000016   Data           1  main.o(.data)
    g_Hum2                                   0x20000017   Data           1  main.o(.data)
    taskTimeManage                           0x20000018   Data           4  main.o(.data)
    taskControlDevice                        0x2000001c   Data           4  main.o(.data)
    taskuart                                 0x20000020   Data           4  main.o(.data)
    queueBuffer                              0x20000024   Data           4  main.o(.data)
    g_flagDisplay                            0x20000028   Data           1  main.o(.data)
    g_flagCheckPressRL_Button                0x20000029   Data           1  main.o(.data)
    g_TimeRun                                0x2000002c   Data           4  main.o(.data)
    g_SysTimeMode                            0x20000030   Data           1  main.o(.data)
    g_currentTimeEdit                        0x20000031   Data           1  main.o(.data)
    g_timeChangeOption                       0x20000032   Data           1  main.o(.data)
    g_optionInfor                            0x20000033   Data          80  main.o(.data)
    g_sensorBuffer                           0x20000083   Data           9  main.o(.data)
    g_frameBuffer                            0x2000008c   Data           5  main.o(.data)
    g_buffIdx                                0x20000091   Data           1  main.o(.data)
    g_mode                                   0x20000092   Data           1  main.o(.data)
    g_senSorStruct                           0x20000093   Data           6  main.o(.data)
    g_CheckTimeStatus                        0x20000099   Data           3  apptimemanage.o(.data)
    g_rccPeriphGPIO                          0x200000ac   Data          12  dht11.o(.data)
    gpioBase                                 0x200000b8   Data          12  dht11.o(.data)
    ring_buffer                              0x200000c8   Data           8  serial.o(.data)
    pxCurrentTCB                             0x200000ec   Data           4  tasks.o(.data)
    g_mButton                                0x20000128   Data          24  main.o(.bss)
    g_rButton                                0x20000140   Data          24  main.o(.bss)
    g_lButton                                0x20000158   Data          24  main.o(.bss)
    g_TimeVal                                0x20000170   Data          12  main.o(.bss)
    g_saveSetTime                            0x2000017c   Data           9  apptimemanage.o(.bss)
    __initial_sp                             0x20004a50   Data           0  startup_stm32f10x_md.o(STACK)



==============================================================================

Memory Map of the image

  Image Entry point : 0x080000ed

  Load Region LR_IROM1 (Base: 0x08000000, Size: 0x00004524, Max: 0x00010000, ABSOLUTE)

    Execution Region ER_IROM1 (Exec base: 0x08000000, Load base: 0x08000000, Size: 0x000043fc, Max: 0x00010000, ABSOLUTE)

    Exec Addr    Load Addr    Size         Type   Attr      Idx    E Section Name        Object

    0x08000000   0x08000000   0x000000ec   Data   RO           19    RESET               startup_stm32f10x_md.o
    0x080000ec   0x080000ec   0x00000000   Code   RO         3347  * .ARM.Collect$$$$00000000  mc_w.l(entry.o)
    0x080000ec   0x080000ec   0x00000004   Code   RO         3384    .ARM.Collect$$$$00000001  mc_w.l(entry2.o)
    0x080000f0   0x080000f0   0x00000004   Code   RO         3387    .ARM.Collect$$$$00000004  mc_w.l(entry5.o)
    0x080000f4   0x080000f4   0x00000000   Code   RO         3389    .ARM.Collect$$$$00000008  mc_w.l(entry7b.o)
    0x080000f4   0x080000f4   0x00000000   Code   RO         3391    .ARM.Collect$$$$0000000A  mc_w.l(entry8b.o)
    0x080000f4   0x080000f4   0x00000008   Code   RO         3392    .ARM.Collect$$$$0000000B  mc_w.l(entry9a.o)
    0x080000fc   0x080000fc   0x00000000   Code   RO         3394    .ARM.Collect$$$$0000000D  mc_w.l(entry10a.o)
    0x080000fc   0x080000fc   0x00000000   Code   RO         3396    .ARM.Collect$$$$0000000F  mc_w.l(entry11a.o)
    0x080000fc   0x080000fc   0x00000004   Code   RO         3385    .ARM.Collect$$$$00002712  mc_w.l(entry2.o)
    0x08000100   0x08000100   0x00000096   Code   RO         2870    .emb_text           port.o
    0x08000196   0x08000196   0x00000002   PAD
    0x08000198   0x08000198   0x00000024   Code   RO           20    .text               startup_stm32f10x_md.o
    0x080001bc   0x080001bc   0x00000024   Code   RO         3350    .text               mc_w.l(memcpya.o)
    0x080001e0   0x080001e0   0x0000000e   Code   RO         3352    .text               mc_w.l(strlen.o)
    0x080001ee   0x080001ee   0x0000002c   Code   RO         3401    .text               mc_w.l(uidiv.o)
    0x0800021a   0x0800021a   0x00000062   Code   RO         3403    .text               mc_w.l(uldiv.o)
    0x0800027c   0x0800027c   0x00000000   Code   RO         3405    .text               mc_w.l(iusefp.o)
    0x0800027c   0x0800027c   0x0000014e   Code   RO         3406    .text               mf_w.l(dadd.o)
    0x080003ca   0x080003ca   0x000000e4   Code   RO         3408    .text               mf_w.l(dmul.o)
    0x080004ae   0x080004ae   0x000000de   Code   RO         3410    .text               mf_w.l(ddiv.o)
    0x0800058c   0x0800058c   0x00000030   Code   RO         3412    .text               mf_w.l(dfixul.o)
    0x080005bc   0x080005bc   0x00000030   Code   RO         3414    .text               mf_w.l(cdrcmple.o)
    0x080005ec   0x080005ec   0x00000024   Code   RO         3416    .text               mc_w.l(init.o)
    0x08000610   0x08000610   0x0000001e   Code   RO         3419    .text               mc_w.l(llshl.o)
    0x0800062e   0x0800062e   0x00000020   Code   RO         3421    .text               mc_w.l(llushr.o)
    0x0800064e   0x0800064e   0x00000024   Code   RO         3423    .text               mc_w.l(llsshr.o)
    0x08000672   0x08000672   0x000000ba   Code   RO         3426    .text               mf_w.l(depilogue.o)
    0x0800072c   0x0800072c   0x00000016   Code   RO          149    i.ADC_Cmd           stm32f10x_adc.o
    0x08000742   0x08000742   0x00000014   Code   RO          157    i.ADC_GetCalibrationStatus  stm32f10x_adc.o
    0x08000756   0x08000756   0x00000008   Code   RO          158    i.ADC_GetConversionValue  stm32f10x_adc.o
    0x0800075e   0x0800075e   0x00000014   Code   RO          163    i.ADC_GetResetCalibrationStatus  stm32f10x_adc.o
    0x08000772   0x08000772   0x00000002   PAD
    0x08000774   0x08000774   0x00000050   Code   RO          167    i.ADC_Init          stm32f10x_adc.o
    0x080007c4   0x080007c4   0x000000b8   Code   RO          171    i.ADC_RegularChannelConfig  stm32f10x_adc.o
    0x0800087c   0x0800087c   0x0000000a   Code   RO          172    i.ADC_ResetCalibration  stm32f10x_adc.o
    0x08000886   0x08000886   0x00000016   Code   RO          174    i.ADC_SoftwareStartConvCmd  stm32f10x_adc.o
    0x0800089c   0x0800089c   0x0000000a   Code   RO          176    i.ADC_StartCalibration  stm32f10x_adc.o
    0x080008a6   0x080008a6   0x00000002   PAD
    0x080008a8   0x080008a8   0x00000024   Code   RO          178    i.ADC_TempSensorVrefintCmd  stm32f10x_adc.o
    0x080008cc   0x080008cc   0x00000044   Code   RO         2506    i.AppServo_Control  appservo.o
    0x08000910   0x08000910   0x00000024   Code   RO         2507    i.AppServo_Init     appservo.o
    0x08000934   0x08000934   0x00000050   Code   RO         2210    i.AppTimeManage_CheckTimeStatus  apptimemanage.o
    0x08000984   0x08000984   0x0000001e   Code   RO         2211    i.AppTimeManage_GetCurrentTime  apptimemanage.o
    0x080009a2   0x080009a2   0x00000008   Code   RO         2212    i.AppTimeManage_Init  apptimemanage.o
    0x080009aa   0x080009aa   0x00000002   PAD
    0x080009ac   0x080009ac   0x00000058   Code   RO         2213    i.AppTimeManage_SetRequestTime  apptimemanage.o
    0x08000a04   0x08000a04   0x00000010   Code   RO         1817    i.BKP_DeInit        stm32f10x_bkp.o
    0x08000a14   0x08000a14   0x0000001c   Code   RO         1822    i.BKP_ReadBackupRegister  stm32f10x_bkp.o
    0x08000a30   0x08000a30   0x0000001c   Code   RO         1826    i.BKP_WriteBackupRegister  stm32f10x_bkp.o
    0x08000a4c   0x08000a4c   0x00000004   Code   RO         2113    i.BusFault_Handler  stm32f10x_it.o
    0x08000a50   0x08000a50   0x00000148   Code   RO         1893    i.Button_CheckMode  main.o
    0x08000b98   0x08000b98   0x00000070   Code   RO         2250    i.Button_Config     button.o
    0x08000c08   0x08000c08   0x00000108   Code   RO         1894    i.Button_EditTime   main.o
    0x08000d10   0x08000d10   0x000000a8   Code   RO         1895    i.Button_HandleData  main.o
    0x08000db8   0x08000db8   0x00000050   Code   RO         1896    i.Button_Init       main.o
    0x08000e08   0x08000e08   0x00000028   Code   RO         2251    i.Button_OnHold     button.o
    0x08000e30   0x08000e30   0x00000028   Code   RO         2252    i.Button_OnPress    button.o
    0x08000e58   0x08000e58   0x00000004   Code   RO         2253    i.Button_SetHoldTime  button.o
    0x08000e5c   0x08000e5c   0x00000020   Code   RO         2254    i.Button_TimerGetTickMs  button.o
    0x08000e7c   0x08000e7c   0x0000006a   Code   RO         2255    i.Button_TimerInit  button.o
    0x08000ee6   0x08000ee6   0x0000009e   Code   RO         2256    i.Button_Update     button.o
    0x08000f84   0x08000f84   0x00000048   Code   RO         2357    i.DHT11_Init        dht11.o
    0x08000fcc   0x08000fcc   0x000004ac   Code   RO         2358    i.DHT11_Read        dht11.o
    0x08001478   0x08001478   0x00000002   Code   RO         2114    i.DebugMon_Handler  stm32f10x_it.o
    0x0800147a   0x0800147a   0x00000002   PAD
    0x0800147c   0x0800147c   0x0000006c   Code   RO         2310    i.DelayTimer_Init   delaytimer.o
    0x080014e8   0x080014e8   0x00000018   Code   RO         2311    i.DelayTimer_Ms     delaytimer.o
    0x08001500   0x08001500   0x00000040   Code   RO         2359    i.Delay_Init        dht11.o
    0x08001540   0x08001540   0x00000018   Code   RO         2360    i.Delay_Ms          dht11.o
    0x08001558   0x08001558   0x00000020   Code   RO         2361    i.Delay_Us          dht11.o
    0x08001578   0x08001578   0x00000116   Code   RO          371    i.GPIO_Init         stm32f10x_gpio.o
    0x0800168e   0x0800168e   0x00000002   PAD
    0x08001690   0x08001690   0x00000048   Code   RO         2508    i.GPIO_Mode_AF_PP_Config  appservo.o
    0x080016d8   0x080016d8   0x00000012   Code   RO          375    i.GPIO_ReadInputDataBit  stm32f10x_gpio.o
    0x080016ea   0x080016ea   0x00000004   Code   RO          378    i.GPIO_ResetBits    stm32f10x_gpio.o
    0x080016ee   0x080016ee   0x00000004   Code   RO          379    i.GPIO_SetBits      stm32f10x_gpio.o
    0x080016f2   0x080016f2   0x0000000a   Code   RO          382    i.GPIO_WriteBit     stm32f10x_gpio.o
    0x080016fc   0x080016fc   0x00000004   Code   RO         2115    i.HardFault_Handler  stm32f10x_it.o
    0x08001700   0x08001700   0x0000002a   Code   RO         1464    i.I2C_CheckEvent    stm32f10x_i2c.o
    0x0800172a   0x0800172a   0x00000018   Code   RO         1467    i.I2C_Cmd           stm32f10x_i2c.o
    0x08001742   0x08001742   0x00000018   Code   RO         1474    i.I2C_GenerateSTART  stm32f10x_i2c.o
    0x0800175a   0x0800175a   0x00000018   Code   RO         1475    i.I2C_GenerateSTOP  stm32f10x_i2c.o
    0x08001772   0x08001772   0x00000002   PAD
    0x08001774   0x08001774   0x000000ec   Code   RO         1481    i.I2C_Init          stm32f10x_i2c.o
    0x08001860   0x08001860   0x00000012   Code   RO         1488    i.I2C_Send7bitAddress  stm32f10x_i2c.o
    0x08001872   0x08001872   0x00000004   Code   RO         1489    i.I2C_SendData      stm32f10x_i2c.o
    0x08001876   0x08001876   0x00000010   Code   RO         2396    i.LCD_Clear         lcd_i2c.o
    0x08001886   0x08001886   0x00000042   Code   RO         2397    i.LCD_Cmd_Write     lcd_i2c.o
    0x080018c8   0x080018c8   0x00000046   Code   RO         2398    i.LCD_Data_Write    lcd_i2c.o
    0x0800190e   0x0800190e   0x0000002a   Code   RO         2399    i.LCD_Gotoxy        lcd_i2c.o
    0x08001938   0x08001938   0x00000074   Code   RO         2400    i.LCD_I2C_Configuration  lcd_i2c.o
    0x080019ac   0x080019ac   0x00000060   Code   RO         2401    i.LCD_Init          lcd_i2c.o
    0x08001a0c   0x08001a0c   0x0000003e   Code   RO         2402    i.LCD_Printf        lcd_i2c.o
    0x08001a4a   0x08001a4a   0x00000002   PAD
    0x08001a4c   0x08001a4c   0x00000060   Code   RO         2404    i.LCD_Write_Byte    lcd_i2c.o
    0x08001aac   0x08001aac   0x000000a8   Code   RO         2547    i.LIGHT_Init        light.o
    0x08001b54   0x08001b54   0x00000028   Code   RO         2548    i.LIGHT_Read        light.o
    0x08001b7c   0x08001b7c   0x0000002c   Code   RO         1898    i.Led_Init          main.o
    0x08001ba8   0x08001ba8   0x00000018   Code   RO         2509    i.Map               appservo.o
    0x08001bc0   0x08001bc0   0x00000018   Code   RO         2549    i.Map               light.o
    0x08001bd8   0x08001bd8   0x00000004   Code   RO         2116    i.MemManage_Handler  stm32f10x_it.o
    0x08001bdc   0x08001bdc   0x00000140   Code   RO         1899    i.Mode_DisplayAndHandleData  main.o
    0x08001d1c   0x08001d1c   0x000000a0   Code   RO         1900    i.Mode_SelectOption  main.o
    0x08001dbc   0x08001dbc   0x00000002   Code   RO         2117    i.NMI_Handler       stm32f10x_it.o
    0x08001dbe   0x08001dbe   0x0000002a   Code   RO         2464    i.NVIC_Configuration  rtc.o
    0x08001de8   0x08001de8   0x00000070   Code   RO           24    i.NVIC_Init         misc.o
    0x08001e58   0x08001e58   0x00000014   Code   RO           25    i.NVIC_PriorityGroupConfig  misc.o
    0x08001e6c   0x08001e6c   0x0000000c   Code   RO         1665    i.PWR_BackupAccessCmd  stm32f10x_pwr.o
    0x08001e78   0x08001e78   0x00000030   Code   RO         2576    i.RB_Push           ringbuffer.o
    0x08001ea8   0x08001ea8   0x00000020   Code   RO          481    i.RCC_APB1PeriphClockCmd  stm32f10x_rcc.o
    0x08001ec8   0x08001ec8   0x00000020   Code   RO          483    i.RCC_APB2PeriphClockCmd  stm32f10x_rcc.o
    0x08001ee8   0x08001ee8   0x0000000c   Code   RO          486    i.RCC_BackupResetCmd  stm32f10x_rcc.o
    0x08001ef4   0x08001ef4   0x00000014   Code   RO          487    i.RCC_ClearFlag     stm32f10x_rcc.o
    0x08001f08   0x08001f08   0x000000d4   Code   RO          491    i.RCC_GetClocksFreq  stm32f10x_rcc.o
    0x08001fdc   0x08001fdc   0x0000003c   Code   RO          492    i.RCC_GetFlagStatus  stm32f10x_rcc.o
    0x08002018   0x08002018   0x00000034   Code   RO          499    i.RCC_LSEConfig     stm32f10x_rcc.o
    0x0800204c   0x0800204c   0x0000000c   Code   RO          506    i.RCC_RTCCLKCmd     stm32f10x_rcc.o
    0x08002058   0x08002058   0x00000010   Code   RO          507    i.RCC_RTCCLKConfig  stm32f10x_rcc.o
    0x08002068   0x08002068   0x00000010   Code   RO         1726    i.RTC_ClearITPendingBit  stm32f10x_rtc.o
    0x08002078   0x08002078   0x00000058   Code   RO         2465    i.RTC_Configuration  rtc.o
    0x080020d0   0x080020d0   0x00000014   Code   RO         1727    i.RTC_EnterConfigMode  stm32f10x_rtc.o
    0x080020e4   0x080020e4   0x00000014   Code   RO         1728    i.RTC_ExitConfigMode  stm32f10x_rtc.o
    0x080020f8   0x080020f8   0x00000024   Code   RO         1732    i.RTC_GetITStatus   stm32f10x_rtc.o
    0x0800211c   0x0800211c   0x00000018   Code   RO         2466    i.RTC_GetTime       rtc.o
    0x08002134   0x08002134   0x00000058   Code   RO         2467    i.RTC_IRQHandler    rtc.o
    0x0800218c   0x0800218c   0x00000020   Code   RO         1733    i.RTC_ITConfig      stm32f10x_rtc.o
    0x080021ac   0x080021ac   0x00000064   Code   RO         2468    i.RTC_Init          rtc.o
    0x08002210   0x08002210   0x0000001c   Code   RO         1735    i.RTC_SetCounter    stm32f10x_rtc.o
    0x0800222c   0x0800222c   0x00000020   Code   RO         1736    i.RTC_SetPrescaler  stm32f10x_rtc.o
    0x0800224c   0x0800224c   0x00000014   Code   RO         2469    i.RTC_SetTime       rtc.o
    0x08002260   0x08002260   0x00000014   Code   RO         1737    i.RTC_WaitForLastTask  stm32f10x_rtc.o
    0x08002274   0x08002274   0x00000024   Code   RO         1738    i.RTC_WaitForSynchro  stm32f10x_rtc.o
    0x08002298   0x08002298   0x00000008   Code   RO         2176    i.SetSysClock       system_stm32f10x.o
    0x080022a0   0x080022a0   0x000000e0   Code   RO         2177    i.SetSysClockTo72   system_stm32f10x.o
    0x08002380   0x08002380   0x00000034   Code   RO         2871    i.SysTick_Handler   port.o
    0x080023b4   0x080023b4   0x00000060   Code   RO         2179    i.SystemInit        system_stm32f10x.o
    0x08002414   0x08002414   0x0000002c   Code   RO         2257    i.TIM2_IRQHandler   button.o
    0x08002440   0x08002440   0x00000030   Code   RO         2313    i.TIM3_IRQHandler   delaytimer.o
    0x08002470   0x08002470   0x00000064   Code   RO         2510    i.TIM_Base_Config   appservo.o
    0x080024d4   0x080024d4   0x00000006   Code   RO          923    i.TIM_ClearFlag     stm32f10x_tim.o
    0x080024da   0x080024da   0x00000006   Code   RO          924    i.TIM_ClearITPendingBit  stm32f10x_tim.o
    0x080024e0   0x080024e0   0x00000018   Code   RO          929    i.TIM_Cmd           stm32f10x_tim.o
    0x080024f8   0x080024f8   0x00000006   Code   RO          948    i.TIM_GetCounter    stm32f10x_tim.o
    0x080024fe   0x080024fe   0x00000012   Code   RO          954    i.TIM_ITConfig      stm32f10x_tim.o
    0x08002510   0x08002510   0x00000098   Code   RO          958    i.TIM_OC1Init       stm32f10x_tim.o
    0x080025a8   0x080025a8   0x000000a4   Code   RO          963    i.TIM_OC2Init       stm32f10x_tim.o
    0x0800264c   0x0800264c   0x000000a0   Code   RO          968    i.TIM_OC3Init       stm32f10x_tim.o
    0x080026ec   0x080026ec   0x0000007c   Code   RO          973    i.TIM_OC4Init       stm32f10x_tim.o
    0x08002768   0x08002768   0x00000124   Code   RO         2511    i.TIM_PWM_Channel_Config  appservo.o
    0x0800288c   0x0800288c   0x00000004   Code   RO          994    i.TIM_SetCounter    stm32f10x_tim.o
    0x08002890   0x08002890   0x000000a4   Code   RO         1000    i.TIM_TimeBaseInit  stm32f10x_tim.o
    0x08002934   0x08002934   0x00000144   Code   RO         1901    i.Task_ControlDevice  main.o
    0x08002a78   0x08002a78   0x000000dc   Code   RO         1902    i.Task_TimeManage   main.o
    0x08002b54   0x08002b54   0x00000020   Code   RO         2314    i.Timer_GetTickMs   delaytimer.o
    0x08002b74   0x08002b74   0x0000001c   Code   RO         2609    i.USART1_IRQHandler  serial.o
    0x08002b90   0x08002b90   0x00000020   Code   RO         2610    i.USART_GetChar     serial.o
    0x08002bb0   0x08002bb0   0x0000001a   Code   RO          686    i.USART_GetFlagStatus  stm32f10x_usart.o
    0x08002bca   0x08002bca   0x00000004   Code   RO         2121    i.UsageFault_Handler  stm32f10x_it.o
    0x08002bce   0x08002bce   0x00000002   PAD
    0x08002bd0   0x08002bd0   0x00000024   Code   RO         3363    i.__0vsprintf       mc_w.l(printfa.o)
    0x08002bf4   0x08002bf4   0x0000000e   Code   RO         3430    i.__scatterload_copy  mc_w.l(handlers.o)
    0x08002c02   0x08002c02   0x00000002   Code   RO         3431    i.__scatterload_null  mc_w.l(handlers.o)
    0x08002c04   0x08002c04   0x0000000e   Code   RO         3432    i.__scatterload_zeroinit  mc_w.l(handlers.o)
    0x08002c12   0x08002c12   0x00000002   PAD
    0x08002c14   0x08002c14   0x00000184   Code   RO         3364    i._fp_digits        mc_w.l(printfa.o)
    0x08002d98   0x08002d98   0x000006dc   Code   RO         3365    i._printf_core      mc_w.l(printfa.o)
    0x08003474   0x08003474   0x00000024   Code   RO         3366    i._printf_post_padding  mc_w.l(printfa.o)
    0x08003498   0x08003498   0x0000002e   Code   RO         3367    i._printf_pre_padding  mc_w.l(printfa.o)
    0x080034c6   0x080034c6   0x0000000a   Code   RO         3369    i._sputc            mc_w.l(printfa.o)
    0x080034d0   0x080034d0   0x00000070   Code   RO         1904    i.main              main.o
    0x08003540   0x08003540   0x00000098   Code   RO         3068    i.prvAddCurrentTaskToDelayedList  tasks.o
    0x080035d8   0x080035d8   0x000000b4   Code   RO         3069    i.prvAddNewTaskToReadyList  tasks.o
    0x0800368c   0x0800368c   0x00000064   Code   RO         3070    i.prvCheckTasksWaitingTermination  tasks.o
    0x080036f0   0x080036f0   0x0000002a   Code   RO         2941    i.prvCopyDataFromQueue  queue.o
    0x0800371a   0x0800371a   0x0000006a   Code   RO         2942    i.prvCopyDataToQueue  queue.o
    0x08003784   0x08003784   0x00000012   Code   RO         3071    i.prvDeleteTCB      tasks.o
    0x08003796   0x08003796   0x00000002   PAD
    0x08003798   0x08003798   0x00000038   Code   RO         2796    i.prvHeapInit       heap_2.o
    0x080037d0   0x080037d0   0x00000028   Code   RO         3072    i.prvIdleTask       tasks.o
    0x080037f8   0x080037f8   0x00000026   Code   RO         2943    i.prvInitialiseNewQueue  queue.o
    0x0800381e   0x0800381e   0x00000080   Code   RO         3073    i.prvInitialiseNewTask  tasks.o
    0x0800389e   0x0800389e   0x00000002   PAD
    0x080038a0   0x080038a0   0x00000068   Code   RO         3074    i.prvInitialiseTaskLists  tasks.o
    0x08003908   0x08003908   0x0000001a   Code   RO         2944    i.prvIsQueueEmpty   queue.o
    0x08003922   0x08003922   0x0000001e   Code   RO         2945    i.prvIsQueueFull    queue.o
    0x08003940   0x08003940   0x00000034   Code   RO         3075    i.prvResetNextTaskUnblockTime  tasks.o
    0x08003974   0x08003974   0x00000016   Code   RO         2872    i.prvTaskExitError  port.o
    0x0800398a   0x0800398a   0x0000007e   Code   RO         2946    i.prvUnlockQueue    queue.o
    0x08003a08   0x08003a08   0x000000b8   Code   RO         2797    i.pvPortMalloc      heap_2.o
    0x08003ac0   0x08003ac0   0x00000024   Code   RO         2873    i.pxPortInitialiseStack  port.o
    0x08003ae4   0x08003ae4   0x00000028   Code   RO         2834    i.uxListRemove      list.o
    0x08003b0c   0x08003b0c   0x0000001a   Code   RO         2835    i.vListInitialise   list.o
    0x08003b26   0x08003b26   0x00000006   Code   RO         2836    i.vListInitialiseItem  list.o
    0x08003b2c   0x08003b2c   0x00000034   Code   RO         2837    i.vListInsert       list.o
    0x08003b60   0x08003b60   0x00000018   Code   RO         2838    i.vListInsertEnd    list.o
    0x08003b78   0x08003b78   0x00000024   Code   RO         2875    i.vPortEnterCritical  port.o
    0x08003b9c   0x08003b9c   0x00000020   Code   RO         2876    i.vPortExitCritical  port.o
    0x08003bbc   0x08003bbc   0x00000040   Code   RO         2798    i.vPortFree         heap_2.o
    0x08003bfc   0x08003bfc   0x00000014   Code   RO         2877    i.vPortSetupTimerInterrupt  port.o
    0x08003c10   0x08003c10   0x00000034   Code   RO         3082    i.vTaskDelay        tasks.o
    0x08003c44   0x08003c44   0x0000000c   Code   RO         3086    i.vTaskMissedYield  tasks.o
    0x08003c50   0x08003c50   0x00000020   Code   RO         3088    i.vTaskPlaceOnEventList  tasks.o
    0x08003c70   0x08003c70   0x00000018   Code   RO         3092    i.vTaskSetTimeOutState  tasks.o
    0x08003c88   0x08003c88   0x00000064   Code   RO         3093    i.vTaskStartScheduler  tasks.o
    0x08003cec   0x08003cec   0x00000010   Code   RO         3095    i.vTaskSuspendAll   tasks.o
    0x08003cfc   0x08003cfc   0x00000060   Code   RO         3096    i.vTaskSwitchContext  tasks.o
    0x08003d5c   0x08003d5c   0x00000034   Code   RO         2878    i.xPortStartScheduler  port.o
    0x08003d90   0x08003d90   0x00000038   Code   RO         2951    i.xQueueGenericCreate  queue.o
    0x08003dc8   0x08003dc8   0x0000013c   Code   RO         2952    i.xQueueGenericReceive  queue.o
    0x08003f04   0x08003f04   0x00000080   Code   RO         2953    i.xQueueGenericReset  queue.o
    0x08003f84   0x08003f84   0x00000118   Code   RO         2954    i.xQueueGenericSend  queue.o
    0x0800409c   0x0800409c   0x0000005c   Code   RO         3097    i.xTaskCheckForTimeOut  tasks.o
    0x080040f8   0x080040f8   0x00000060   Code   RO         3098    i.xTaskCreate       tasks.o
    0x08004158   0x08004158   0x0000011c   Code   RO         3103    i.xTaskIncrementTick  tasks.o
    0x08004274   0x08004274   0x00000080   Code   RO         3106    i.xTaskRemoveFromEventList  tasks.o
    0x080042f4   0x080042f4   0x000000e8   Code   RO         3108    i.xTaskResumeAll    tasks.o
    0x080043dc   0x080043dc   0x00000020   Data   RO         3428    Region$$Table       anon$$obj.o


    Execution Region RW_IRAM1 (Exec base: 0x20000000, Load base: 0x080043fc, Size: 0x00004a50, Max: 0x00005000, ABSOLUTE)

    Exec Addr    Load Addr    Size         Type   Attr      Idx    E Section Name        Object

    0x20000000   0x080043fc   0x00000014   Data   RW          511    .data               stm32f10x_rcc.o
    0x20000014   0x08004410   0x00000085   Data   RW         1906    .data               main.o
    0x20000099   0x08004495   0x00000003   Data   RW         2215    .data               apptimemanage.o
    0x2000009c   0x08004498   0x00000008   Data   RW         2258    .data               button.o
    0x200000a4   0x080044a0   0x00000008   Data   RW         2316    .data               delaytimer.o
    0x200000ac   0x080044a8   0x00000018   Data   RW         2362    .data               dht11.o
    0x200000c4   0x080044c0   0x00000003   Data   RW         2470    .data               rtc.o
    0x200000c7   0x080044c3   0x00000001   PAD
    0x200000c8   0x080044c4   0x00000008   Data   RW         2612    .data               serial.o
    0x200000d0   0x080044cc   0x00000018   Data   RW         2802    .data               heap_2.o
    0x200000e8   0x080044e4   0x00000004   Data   RW         2879    .data               port.o
    0x200000ec   0x080044e8   0x0000003c   Data   RW         3111    .data               tasks.o
    0x20000128        -       0x00000054   Zero   RW         1905    .bss                main.o
    0x2000017c        -       0x00000009   Zero   RW         2214    .bss                apptimemanage.o
    0x20000185        -       0x00004400   Zero   RW         2801    .bss                heap_2.o
    0x20004585   0x08004524   0x00000003   PAD
    0x20004588        -       0x000000c8   Zero   RW         3110    .bss                tasks.o
    0x20004650        -       0x00000400   Zero   RW           17    STACK               startup_stm32f10x_md.o


==============================================================================

Image component sizes


      Code (inc. data)   RO Data    RW Data    ZI Data      Debug   Object Name

       592         48          0          0          0       4867   appservo.o
       206         20          0          3          9       4157   apptimemanage.o
       536         26          0          8          0       6024   button.o
         0          0          0          0          0       4540   core_cm3.o
         0          0          0          0          0       7224   croutine.o
       212         24          0          8          0       2954   delaytimer.o
      1388         38          0         24          0       4901   dht11.o
         0          0          0          0          0       9388   event_groups.o
       304         40          0         24      17408       3487   heap_2.o
       564         24          0          0          0       5141   lcd_i2c.o
       232         16          0          0          0       1798   light.o
       148          0          0          0          0       3170   list.o
      2020        390          0        133         84      27575   main.o
       132         22          0          0          0     266563   misc.o
       400         50          0          4          0       8900   port.o
      1148         14          0          0          0      11682   queue.o
        48          0          0          0          0        954   ringbuffer.o
       362         16          0          3          0       3632   rtc.o
        60         12          0          8          0       1636   serial.o
        36          8        236          0       1024        896   startup_stm32f10x_md.o
       412         16          0          0          0       8508   stm32f10x_adc.o
        72         10          0          0          0       2908   stm32f10x_bkp.o
       314          0          0          0          0       4548   stm32f10x_gpio.o
       372         14          0          0          0       6314   stm32f10x_i2c.o
        20          0          0          0          0       2613   stm32f10x_it.o
        12          6          0          0          0        562   stm32f10x_pwr.o
       448         64          0         20          0       8166   stm32f10x_rcc.o
       240         44          0          0          0       5095   stm32f10x_rtc.o
       828         92          0          0          0       7926   stm32f10x_tim.o
        26          0          0          0          0       2170   stm32f10x_usart.o
       328         28          0          0          0       1949   system_stm32f10x.o
      1938        314          0         60        200      24549   tasks.o

    ----------------------------------------------------------------------
     13420       1336        268        296      18728     454797   Object Totals
         0          0         32          0          0          0   (incl. Generated)
        22          0          0          1          3          0   (incl. Padding)

    ----------------------------------------------------------------------

      Code (inc. data)   RO Data    RW Data    ZI Data      Debug   Library Member Name

         0          0          0          0          0          0   entry.o
         0          0          0          0          0          0   entry10a.o
         0          0          0          0          0          0   entry11a.o
         8          4          0          0          0          0   entry2.o
         4          0          0          0          0          0   entry5.o
         0          0          0          0          0          0   entry7b.o
         0          0          0          0          0          0   entry8b.o
         8          4          0          0          0          0   entry9a.o
        30          0          0          0          0          0   handlers.o
        36          8          0          0          0         68   init.o
         0          0          0          0          0          0   iusefp.o
        30          0          0          0          0         68   llshl.o
        36          0          0          0          0         68   llsshr.o
        32          0          0          0          0         68   llushr.o
        36          0          0          0          0         68   memcpya.o
      2272         86          0          0          0        516   printfa.o
        14          0          0          0          0         68   strlen.o
        44          0          0          0          0         80   uidiv.o
        98          0          0          0          0         92   uldiv.o
        48          0          0          0          0         68   cdrcmple.o
       334          0          0          0          0        148   dadd.o
       222          0          0          0          0        100   ddiv.o
       186          0          0          0          0        176   depilogue.o
        48          0          0          0          0         68   dfixul.o
       228          0          0          0          0         96   dmul.o

    ----------------------------------------------------------------------
      3716        102          0          0          0       1752   Library Totals
         2          0          0          0          0          0   (incl. Padding)

    ----------------------------------------------------------------------

      Code (inc. data)   RO Data    RW Data    ZI Data      Debug   Library Name

      2648        102          0          0          0       1096   mc_w.l
      1066          0          0          0          0        656   mf_w.l

    ----------------------------------------------------------------------
      3716        102          0          0          0       1752   Library Totals

    ----------------------------------------------------------------------

==============================================================================


      Code (inc. data)   RO Data    RW Data    ZI Data      Debug   

     17136       1438        268        296      18728     447237   Grand Totals
     17136       1438        268        296      18728     447237   ELF Image Totals
     17136       1438        268        296          0          0   ROM Totals

==============================================================================

    Total RO  Size (Code + RO Data)                17404 (  17.00kB)
    Total RW  Size (RW Data + ZI Data)             19024 (  18.58kB)
    Total ROM Size (Code + RO Data + RW Data)      17700 (  17.29kB)

==============================================================================

